Starting CP-SAT solver v9.12.4544
Parameters: log_search_progress: true num_search_workers: 8 log_to_stdout: false
Initial satisfaction model '': (model_fingerprint: 0xccfc61305f9e4498)
#Variables: 146'250
  - 138'750 Booleans in [0,1]
  - 7'500 in [0,7]
#kBoolOr: 135'000 (#enforced: 90'000) (#literals: 225'000)
#kLinear1: 71'250 (#enforced: 67'500)
#kLinear2: 7'500
#kLinearN: 42'900 (#terms: 423'750)
#kTable: 7'500
Starting presolve at 0.21s
  5.68e-02s  0.00e+00d  [DetectDominanceRelations] 
  1.56e+00s  0.00e+00d  [operations_research::sat::CpModelPresolver::PresolveToFixPoint] #num_loops=3 #num_dual_strengthening=2 
  1.37e-02s  0.00e+00d  [operations_research::sat::CpModelPresolver::ExtractEncodingFromLinear] #potential_supersets=23'400 #potential_subsets=3'750 
  3.39e-02s  0.00e+00d  [operations_research::sat::CpModelPresolver::DetectDuplicateColumns] 
  5.98e-02s  0.00e+00d  [operations_research::sat::CpModelPresolver::DetectDuplicateConstraints] 
[Symmetry] Graph for symmetry has 507'900 nodes and 1'080'000 arcs.
[Symmetry] GraphSymmetryFinder error: Some automorphisms were found, but probably not all.
[Symmetry] Symmetry computation done. time: 0.981962 dtime: 1.00052
[Symmetry] #generators: 168, average support size: 1309.81
[Symmetry] 19958 orbits on 88332 variables with sizes: 450,450,450,450,450,450,450,450,450,450,...
[Symmetry] Num fixable by binary propagation in orbit: 6 / 450
[Symmetry] Num fixable by intersecting at_most_one with orbits: 8 largest_orbit: 450
[Symmetry] Found orbitope of size 375 x 3
[SAT presolve] num removable Booleans: 0 / 123750
[SAT presolve] num trivial clauses: 0
[SAT presolve] [0s] clauses:157787 literals:360566 vars:119992 one_side_vars:0 simple_definition:82492 singleton_clauses:0
[SAT presolve] [0.0252446s] clauses:157787 literals:360566 vars:119992 one_side_vars:0 simple_definition:82492 singleton_clauses:0
[SAT presolve] [0.0425739s] clauses:157787 literals:360566 vars:119992 one_side_vars:0 simple_definition:82492 singleton_clauses:0
  4.18e-02s  0.00e+00d  [operations_research::sat::CpModelPresolver::DetectDuplicateConstraintsWithDifferentEnforcements] 
  2.73e+00s  1.01e+00d *[operations_research::sat::CpModelPresolver::Probe] #probed=235'521 #fixed_bools=6'082 #equiv=11'259 #new_binary_clauses=504'055 
  5.32e-01s  3.78e-01d  [MaxClique] Merged 133'945(383'090 literals) into 111'947(367'853 literals) at_most_ones. 
  1.06e-01s  0.00e+00d  [DetectDominanceRelations] 
  6.58e-01s  0.00e+00d  [operations_research::sat::CpModelPresolver::PresolveToFixPoint] #num_loops=1 #num_dual_strengthening=1 
  3.35e-01s  0.00e+00d  [operations_research::sat::CpModelPresolver::ProcessAtMostOneAndLinear] #num_changes=3'750 
  5.98e-02s  0.00e+00d  [operations_research::sat::CpModelPresolver::DetectDuplicateConstraints] 
  5.87e-02s  0.00e+00d  [operations_research::sat::CpModelPresolver::DetectDuplicateConstraintsWithDifferentEnforcements] 
  4.41e-02s  7.71e-04d  [operations_research::sat::CpModelPresolver::DetectDominatedLinearConstraints] #relevant_constraints=18'750 #num_inclusions=4'500 #num_redundant=4'500 
  9.52e-03s  0.00e+00d  [operations_research::sat::CpModelPresolver::DetectDifferentVariables] 
  1.20e-01s  2.24e-03d  [operations_research::sat::CpModelPresolver::ProcessSetPPC] #relevant_constraints=132'677 #num_inclusions=57'656 
  2.82e-02s  0.00e+00d  [operations_research::sat::CpModelPresolver::FindAlmostIdenticalLinearConstraints] 
  2.49e-01s  5.73e-02d  [operations_research::sat::CpModelPresolver::FindBigAtMostOneAndLinearOverlap] 
  6.73e-02s  2.40e-02d  [operations_research::sat::CpModelPresolver::FindBigVerticalLinearOverlap] 
  1.50e-02s  8.55e-04d  [operations_research::sat::CpModelPresolver::FindBigHorizontalLinearOverlap] #linears=14'250 
  4.40e-02s  5.84e-04d  [operations_research::sat::CpModelPresolver::MergeClauses] 
  9.92e-02s  0.00e+00d  [DetectDominanceRelations] 
  5.79e-01s  0.00e+00d  [operations_research::sat::CpModelPresolver::PresolveToFixPoint] #num_loops=1 #num_dual_strengthening=1 
  9.56e-02s  0.00e+00d  [DetectDominanceRelations] 
  1.95e+00s  0.00e+00d  [operations_research::sat::CpModelPresolver::PresolveToFixPoint] #num_loops=1 #num_dual_strengthening=1 
  3.98e-02s  0.00e+00d  [operations_research::sat::CpModelPresolver::DetectDuplicateColumns] 
  5.94e-02s  0.00e+00d  [operations_research::sat::CpModelPresolver::DetectDuplicateConstraints] 
[Symmetry] Graph for symmetry has 431'073 nodes and 870'210 arcs.
[Symmetry] GraphSymmetryFinder error: Some automorphisms were found, but probably not all.
[Symmetry] Symmetry computation done. time: 1.46368 dtime: 1.00032
[Symmetry] #generators: 193, average support size: 1199.42
[Symmetry] 14210 orbits on 78702 variables with sizes: 375,375,375,375,375,375,375,375,375,375,...
[Symmetry] Num fixable by binary propagation in orbit: 6 / 375
[Symmetry] Num fixable by intersecting at_most_one with orbits: 28 largest_orbit: 375
[Symmetry] Found orbitope of size 710 x 2
[SAT presolve] num removable Booleans: 0 / 102651
[SAT presolve] num trivial clauses: 0
[SAT presolve] [0s] clauses:137938 literals:664543 vars:91349 one_side_vars:13373 simple_definition:40505 singleton_clauses:0
[SAT presolve] [0.0328224s] clauses:137938 literals:664533 vars:91349 one_side_vars:13373 simple_definition:40505 singleton_clauses:0
[SAT presolve] [0.0486971s] clauses:137938 literals:664533 vars:91349 one_side_vars:13373 simple_definition:40505 singleton_clauses:0
  5.11e-02s  0.00e+00d  [operations_research::sat::CpModelPresolver::DetectDuplicateConstraintsWithDifferentEnforcements] 
  2.73e+00s  1.06e+00d *[operations_research::sat::CpModelPresolver::Probe] #probed=232'297 #fixed_bools=163 #equiv=2'336 #new_binary_clauses=407'969 
  4.67e-01s  3.60e-01d  [MaxClique] Merged 83'518(304'887 literals) into 79'167(300'074 literals) at_most_ones. 
  1.04e-01s  0.00e+00d  [DetectDominanceRelations] 
  6.19e-01s  0.00e+00d  [operations_research::sat::CpModelPresolver::PresolveToFixPoint] #num_loops=1 #num_dual_strengthening=1 
  1.41e-01s  0.00e+00d  [operations_research::sat::CpModelPresolver::ProcessAtMostOneAndLinear] 
  7.07e-02s  0.00e+00d  [operations_research::sat::CpModelPresolver::DetectDuplicateConstraints] #duplicates=1 
  6.13e-02s  0.00e+00d  [operations_research::sat::CpModelPresolver::DetectDuplicateConstraintsWithDifferentEnforcements] 
  2.29e-02s  4.47e-04d  [operations_research::sat::CpModelPresolver::DetectDominatedLinearConstraints] #relevant_constraints=10'495 #num_inclusions=5 #num_redundant=5 
  1.30e-02s  0.00e+00d  [operations_research::sat::CpModelPresolver::DetectDifferentVariables] 
  1.87e-01s  4.65e-03d  [operations_research::sat::CpModelPresolver::ProcessSetPPC] #relevant_constraints=169'367 #num_inclusions=93'119 
  1.73e-02s  0.00e+00d  [operations_research::sat::CpModelPresolver::FindAlmostIdenticalLinearConstraints] 
  2.40e-01s  5.50e-02d  [operations_research::sat::CpModelPresolver::FindBigAtMostOneAndLinearOverlap] 
  8.96e-02s  1.81e-02d  [operations_research::sat::CpModelPresolver::FindBigVerticalLinearOverlap] 
  1.51e-02s  6.67e-04d  [operations_research::sat::CpModelPresolver::FindBigHorizontalLinearOverlap] #linears=10'491 
  8.08e-02s  2.72e-03d  [operations_research::sat::CpModelPresolver::MergeClauses] #num_collisions=34'377 #num_merges=34'377 #num_saved_literals=343'502 
  1.07e-01s  0.00e+00d  [DetectDominanceRelations] 
  4.75e-01s  0.00e+00d  [operations_research::sat::CpModelPresolver::PresolveToFixPoint] #num_loops=1 #num_dual_strengthening=1 
  8.76e-02s  0.00e+00d  [DetectDominanceRelations] 
  1.89e+00s  0.00e+00d  [operations_research::sat::CpModelPresolver::PresolveToFixPoint] #num_loops=1 #num_dual_strengthening=1 
  7.00e-02s  0.00e+00d  [operations_research::sat::CpModelPresolver::DetectDuplicateColumns] 
  8.96e-02s  0.00e+00d  [operations_research::sat::CpModelPresolver::DetectDuplicateConstraints] 
[Symmetry] Graph for symmetry has 423'955 nodes and 859'577 arcs.
[Symmetry] GraphSymmetryFinder error: Some automorphisms were found, but probably not all.
[Symmetry] Symmetry computation done. time: 1.32774 dtime: 1.00007
[Symmetry] #generators: 200, average support size: 1157.26
[Symmetry] 13256 orbits on 77838 variables with sizes: 375,375,375,375,375,375,375,375,375,375,...
[Symmetry] Num fixable by binary propagation in orbit: 6 / 375
[Symmetry] Num fixable by intersecting at_most_one with orbits: 28 largest_orbit: 375
[Symmetry] Found orbitope of size 695 x 2
[SAT presolve] num removable Booleans: 0 / 100100
[SAT presolve] num trivial clauses: 0
[SAT presolve] [0s] clauses:135227 literals:658489 vars:88803 one_side_vars:11336 simple_definition:40021 singleton_clauses:0
[SAT presolve] [0.0362052s] clauses:135074 literals:656796 vars:88803 one_side_vars:11336 simple_definition:40021 singleton_clauses:0
[SAT presolve] [0.0532533s] clauses:135074 literals:656796 vars:88803 one_side_vars:11336 simple_definition:40021 singleton_clauses:0
  5.60e-02s  0.00e+00d  [operations_research::sat::CpModelPresolver::DetectDuplicateConstraintsWithDifferentEnforcements] 
  3.11e+00s  1.06e+00d *[operations_research::sat::CpModelPresolver::Probe] #probed=241'520 #fixed_bools=520 #new_bounds=1 #equiv=158 #new_binary_clauses=383'648 
  4.93e-01s  3.46e-01d  [MaxClique] Merged 79'179(299'658 literals) into 78'995(299'321 literals) at_most_ones. 
  1.14e-01s  0.00e+00d  [DetectDominanceRelations] 
  5.92e-01s  0.00e+00d  [operations_research::sat::CpModelPresolver::PresolveToFixPoint] #num_loops=1 #num_dual_strengthening=1 
  1.50e-01s  0.00e+00d  [operations_research::sat::CpModelPresolver::ProcessAtMostOneAndLinear] 
  7.87e-02s  0.00e+00d  [operations_research::sat::CpModelPresolver::DetectDuplicateConstraints] #duplicates=1 
  8.16e-02s  0.00e+00d  [operations_research::sat::CpModelPresolver::DetectDuplicateConstraintsWithDifferentEnforcements] 
  3.30e-02s  4.46e-04d  [operations_research::sat::CpModelPresolver::DetectDominatedLinearConstraints] #relevant_constraints=10'484 #num_inclusions=5 #num_redundant=5 
  1.64e-02s  0.00e+00d  [operations_research::sat::CpModelPresolver::DetectDifferentVariables] 
  2.10e-01s  4.62e-03d  [operations_research::sat::CpModelPresolver::ProcessSetPPC] #relevant_constraints=168'114 #num_inclusions=92'534 
  2.25e-02s  0.00e+00d  [operations_research::sat::CpModelPresolver::FindAlmostIdenticalLinearConstraints] 
  2.11e-01s  5.46e-02d  [operations_research::sat::CpModelPresolver::FindBigAtMostOneAndLinearOverlap] 
  7.51e-02s  1.81e-02d  [operations_research::sat::CpModelPresolver::FindBigVerticalLinearOverlap] 
  1.74e-02s  6.66e-04d  [operations_research::sat::CpModelPresolver::FindBigHorizontalLinearOverlap] #linears=10'480 
  7.80e-02s  2.70e-03d  [operations_research::sat::CpModelPresolver::MergeClauses] #num_collisions=34'187 #num_merges=34'187 #num_saved_literals=341'373 
  8.17e-02s  0.00e+00d  [DetectDominanceRelations] 
  4.09e-01s  0.00e+00d  [operations_research::sat::CpModelPresolver::PresolveToFixPoint] #num_loops=1 #num_dual_strengthening=1 
Presolve summary:
  - 28753 affine relations were detected.
  - rule 'TODO dual: only one blocking constraint?' was applied 387'352 times.
  - rule 'affine: new relation' was applied 28'753 times.
  - rule 'at_most_one: empty or all false' was applied 6 times.
  - rule 'at_most_one: removed literals' was applied 19'350 times.
  - rule 'at_most_one: satisfied' was applied 6 times.
  - rule 'at_most_one: size one' was applied 12'824 times.
  - rule 'at_most_one: transformed into max clique.' was applied 3 times.
  - rule 'bool_and: merged constraints with same enforcement' was applied 669 times.
  - rule 'bool_and: x => x' was applied 7'500 times.
  - rule 'bool_or: always true' was applied 21 times.
  - rule 'bool_or: implications' was applied 96'730 times.
  - rule 'bool_or: only one literal' was applied 3'750 times.
  - rule 'deductions: 60000 stored' was applied 1 time.
  - rule 'dual: enforced equivalence' was applied 3'750 times.
  - rule 'dual: make encoding equiv' was applied 15'000 times.
  - rule 'duplicate: removed constraint' was applied 2 times.
  - rule 'enforcement: false literal' was applied 2 times.
  - rule 'enforcement: true literal' was applied 3'752 times.
  - rule 'exactly_one: removed literals' was applied 2 times.
  - rule 'exactly_one: satisfied' was applied 2 times.
  - rule 'linear + amo: extracted enforcement literal' was applied 44'991 times.
  - rule 'linear + amo: fixed literal implied by enforcement' was applied 750 times.
  - rule 'linear inclusion: redundant included constraint' was applied 4'508 times.
  - rule 'linear inclusion: sparsify superset' was applied 2 times.
  - rule 'linear1: canonicalized' was applied 81 times.
  - rule 'linear1: transformed to implication' was applied 15'000 times.
  - rule 'linear1: x in domain' was applied 3'750 times.
  - rule 'linear2: Boolean with one feasible value.' was applied 669 times.
  - rule 'linear: always true' was applied 11'261 times.
  - rule 'linear: divide by GCD' was applied 22'500 times.
  - rule 'linear: enforcement literal in expression' was applied 7'500 times.
  - rule 'linear: fixed or dup variables' was applied 7'582 times.
  - rule 'linear: negative reified and' was applied 3'750 times.
  - rule 'linear: positive at most one' was applied 21'152 times.
  - rule 'linear: positive equal one' was applied 2'250 times.
  - rule 'linear: remapped using affine relations' was applied 41'250 times.
  - rule 'linear: simplified rhs' was applied 33'757 times.
  - rule 'presolve: 10628 unused variables removed.' was applied 1 time.
  - rule 'presolve: iteration' was applied 3 times.
  - rule 'probing: bool_or reduced to implication' was applied 16 times.
  - rule 'probing: simplified clauses.' was applied 127 times.
  - rule 'setppc: removed dominated constraints' was applied 1 time.
  - rule 'symmetry: added orbit symmetry breaking implications' was applied 3 times.
  - rule 'symmetry: fixed to false in general orbit' was applied 64 times.
  - rule 'table: only one column!' was applied 7'500 times.
  - rule 'table: reduce variable domain' was applied 7'500 times.
  - rule 'variables: both boolean and its negation fix the same variable' was applied 3'750 times.
  - rule 'variables: detect fully reified value encoding' was applied 11'250 times.
  - rule 'variables: detect half reified value encoding' was applied 30'000 times.
  - rule 'variables: removable enforcement literal' was applied 3'750 times.
Presolved satisfaction model '': (model_fingerprint: 0xe3bb80c98f9676ec)
#Variables: 103'119
  - 99'370 Booleans in [0,1]
  - 3'749 in [0][2,3]
#kAtMostOne: 21'530 (#literals: 183'244)
#kBoolAnd: 57'948 (#enforced: 57'948 #multi: 4'255) (#literals: 192'066)
#kBoolOr: 38'469 (#literals: 117'529)
#kExactlyOne: 2'248 (#literals: 11'238)
#kLinear1: 14'996 (#enforced: 14'996)
#kLinearN: 10'479 (#terms: 133'152)
[Symmetry] Graph for symmetry has 378'833 nodes and 854'707 arcs.
[Symmetry] GraphSymmetryFinder error: Some automorphisms were found, but probably not all.
[Symmetry] Symmetry computation done. time: 1.36975 dtime: 1.00028
[Symmetry] #generators: 204, average support size: 1132.18
[Symmetry] 13316 orbits on 78923 variables with sizes: 300,300,300,300,300,300,300,300,300,300,...
[Symmetry] Found orbitope of size 300 x 3
Preloading model.
#Model  43.00s var:103119/103119 constraints:145670/145670 compo:20694,13722,3450,3450,3450,3450,3450,3450,3450,3450,...
Starting search at 43.07s with 8 workers.
6 full problem subsolvers: [default_lp, max_lp_sym, no_lp, probing, quick_restart, quick_restart_no_lp]
2 first solution subsolvers: [fj, fs_random_no_lp]
2 interleaved subsolvers: [feasibility_pump, rins/rens]
2 helper subsolvers: [neighborhood_helper, synchronization_agent]
#Model  47.66s var:102984/103119 constraints:145528/145670 compo:20682,13722,3450,3450,3450,3450,3450,3450,3450,3450,...
#Model  49.38s var:102612/103119 constraints:145156/145670 compo:20682,13722,3425,3425,3425,3425,3425,3425,3425,3425,...
#Model  49.71s var:102342/103119 constraints:144886/145670 compo:20532,13622,3425,3425,3425,3425,3425,3425,3425,3425,...
#Model  51.18s var:102337/103119 constraints:144885/145670 compo:20532,13622,3425,3425,3425,3425,3425,3425,3425,3425,...
#Model  52.04s var:102305/103119 constraints:144865/145670 compo:20523,13617,3425,3425,3425,3425,3425,3425,3425,3425,...
#Model  52.40s var:101756/103119 constraints:144316/145670 compo:20107,13542,3425,3425,3425,3425,3425,3425,3422,3419,...
#Model  52.74s var:101528/103119 constraints:144088/145670 compo:20107,13317,3425,3425,3425,3425,3425,3425,3422,3419,...
#Model  53.07s var:101256/103119 constraints:143816/145670 compo:20091,13076,3425,3425,3425,3425,3425,3422,3419,3419,...
#Model  55.35s var:100032/103119 constraints:142592/145670 compo:19495,12786,3420,3417,3417,3415,3413,3412,3410,3406,...
#Model  55.64s var:99829/103119 constraints:142389/145670 compo:19465,12711,3417,3417,3412,3412,3410,3409,3408,3405,...
#Model  55.93s var:99649/103119 constraints:142209/145670 compo:19365,12683,3417,3417,3412,3412,3408,3408,3406,3402,...
#Model  56.14s var:99626/103119 constraints:142186/145670 compo:19365,12683,3416,3415,3412,3410,3408,3406,3405,3399,...
#Model  56.42s var:99557/103119 constraints:142117/145670 compo:19353,12683,3416,3415,3412,3410,3408,3406,3402,3398,...
#Model  56.72s var:99551/103119 constraints:142111/145670 compo:19353,12683,3416,3415,3412,3410,3408,3403,3402,3398,...
#Model  57.03s var:99467/103119 constraints:142027/145670 compo:19353,12683,3416,3414,3412,3410,3405,3403,3402,3398,...
#Model  58.86s var:99348/103119 constraints:141908/145670 compo:19335,12683,3416,3412,3410,3404,3404,3398,3397,3394,...
#Model  59.17s var:99332/103119 constraints:141892/145670 compo:19335,12683,3416,3409,3408,3404,3401,3398,3397,3394,...
#Model  59.48s var:99323/103119 constraints:141883/145670 compo:19335,12683,3416,3409,3407,3404,3398,3397,3396,3394,...
#Model  59.75s var:99311/103119 constraints:141871/145670 compo:19335,12682,3416,3409,3406,3404,3398,3397,3395,3394,...
#Model  60.03s var:99298/103119 constraints:141858/145670 compo:19331,12682,3416,3409,3406,3404,3397,3395,3394,3394,...
#Model  60.36s var:99289/103119 constraints:141849/145670 compo:19331,12682,3416,3409,3406,3404,3395,3394,3394,3394,...
#Model  60.56s var:99284/103119 constraints:141844/145670 compo:19331,12682,3416,3409,3406,3404,3395,3394,3394,3391,...
#Model  60.93s var:99277/103119 constraints:141837/145670 compo:19331,12682,3416,3409,3406,3404,3395,3394,3394,3391,...
#Model  61.27s var:99268/103119 constraints:141828/145670 compo:19331,12682,3416,3409,3404,3403,3395,3394,3393,3391,...
#Model  61.61s var:99257/103119 constraints:141817/145670 compo:19331,12682,3416,3409,3404,3403,3395,3394,3393,3391,...
#Model  61.93s var:99250/103119 constraints:141810/145670 compo:19331,12682,3416,3409,3403,3401,3395,3394,3393,3391,...
#Model  62.09s var:99229/103119 constraints:141789/145670 compo:19327,12682,3415,3409,3402,3401,3395,3394,3393,3391,...
#Model  62.41s var:99220/103119 constraints:141780/145670 compo:19321,12682,3415,3409,3402,3401,3395,3394,3393,3391,...
#Model  64.30s var:99047/103119 constraints:141607/145670 compo:19285,12666,3408,3398,3397,3392,3392,3389,3382,3379,...
#Model  64.60s var:98988/103119 constraints:141548/145670 compo:19285,12654,3408,3395,3394,3391,3389,3386,3382,3379,...
#Model  64.88s var:98979/103119 constraints:141539/145670 compo:19285,12654,3408,3395,3394,3391,3386,3386,3382,3379,...
#Model  65.18s var:98959/103119 constraints:141519/145670 compo:19285,12654,3402,3395,3394,3391,3386,3383,3381,3379,...
#Model  65.35s var:98938/103119 constraints:141498/145670 compo:19285,12654,3402,3395,3394,3391,3386,3383,3381,3377,...
#Model  65.65s var:98923/103119 constraints:141483/145670 compo:19285,12654,3402,3395,3394,3390,3382,3381,3380,3377,...
#Model  65.95s var:98920/103119 constraints:141480/145670 compo:19285,12654,3402,3395,3394,3390,3382,3381,3380,3377,...
#Model  66.27s var:98909/103119 constraints:141469/145670 compo:19282,12654,3402,3395,3394,3390,3382,3380,3380,3377,...
#Model  66.58s var:98859/103119 constraints:141419/145670 compo:19264,12654,3402,3392,3387,3386,3382,3379,3376,3374,...
#Model  68.39s var:98798/103119 constraints:141358/145670 compo:19264,12651,3402,3391,3387,3377,3375,3375,3374,3371,...
#Model  68.71s var:98773/103119 constraints:141333/145670 compo:19252,12651,3402,3391,3387,3377,3375,3375,3371,3371,...
#Model  68.98s var:98757/103119 constraints:141317/145670 compo:19252,12651,3401,3390,3387,3377,3375,3375,3371,3368,...
#Model  69.24s var:98745/103119 constraints:141305/145670 compo:19246,12651,3401,3387,3387,3377,3375,3372,3371,3368,...
#Model  69.54s var:98738/103119 constraints:141298/145670 compo:19246,12651,3401,3387,3384,3377,3375,3372,3371,3368,...
#Model  69.78s var:98734/103119 constraints:141294/145670 compo:19246,12651,3401,3387,3384,3376,3375,3372,3371,3368,...
#Model  70.10s var:98718/103119 constraints:141278/145670 compo:19246,12648,3401,3387,3384,3375,3373,3372,3368,3368,...
#Model  70.39s var:98685/103119 constraints:141245/145670 compo:19246,12648,3401,3387,3381,3375,3373,3369,3368,3368,...
#Model  70.65s var:98671/103119 constraints:141231/145670 compo:19240,12648,3401,3387,3381,3374,3370,3369,3368,3368,...
#Model  72.61s var:98624/103119 constraints:141184/145670 compo:19238,12648,3397,3386,3375,3374,3370,3368,3367,3363,...
#Model  72.93s var:98621/103119 constraints:141181/145670 compo:19238,12648,3397,3386,3375,3374,3368,3367,3367,3363,...
#Model  73.09s var:98617/103119 constraints:141177/145670 compo:19238,12648,3397,3385,3375,3374,3368,3367,3367,3363,...
#Model  73.44s var:98610/103119 constraints:141170/145670 compo:19238,12648,3397,3382,3375,3374,3368,3367,3364,3363,...
#Model  73.76s var:98602/103119 constraints:141162/145670 compo:19238,12644,3397,3382,3375,3374,3368,3367,3364,3363,...
#Model  73.96s var:98595/103119 constraints:141155/145670 compo:19238,12644,3397,3381,3374,3371,3368,3366,3364,3363,...
#Model  74.30s var:98589/103119 constraints:141149/145670 compo:19238,12644,3397,3381,3374,3371,3366,3365,3364,3362,...
#Model  74.64s var:95180/103119 constraints:137740/145670 compo:19033,12627,3202,3202,3200,3200,3198,3198,3193,3186,...
#Model  76.58s var:94852/103119 constraints:137412/145670 compo:19032,12627,3175,3175,3175,3175,3175,3175,3175,3175,...
#Model 122.30s var:94848/103119 constraints:137408/145670 compo:19028,12627,3175,3175,3175,3175,3175,3175,3175,3175,...
#Model 160.73s var:94847/103119 constraints:137407/145670 compo:19028,12627,3175,3175,3175,3175,3175,3175,3175,3175,...
#Model 216.46s var:94831/103119 constraints:137391/145670 compo:19028,12627,3175,3175,3175,3175,3175,3175,3175,3175,...
#Model 346.80s var:94830/103119 constraints:137390/145670 compo:19028,12627,3175,3175,3175,3175,3175,3175,3175,3174,...
#Model 381.03s var:94829/103119 constraints:137389/145670 compo:19028,12627,3175,3175,3175,3175,3175,3175,3175,3174,...
#Model 388.94s var:94826/103119 constraints:137386/145670 compo:19028,12627,3175,3175,3175,3175,3175,3175,3175,3174,...
#Model 392.05s var:94526/103119 constraints:137086/145670 compo:18728,12627,3175,3175,3175,3175,3175,3175,3175,3174,...
#Model 443.67s var:94525/103119 constraints:137085/145670 compo:18728,12627,3175,3175,3175,3175,3175,3175,3175,3174,...
#Model 487.98s var:94509/103119 constraints:137069/145670 compo:18728,12627,3175,3175,3175,3175,3175,3175,3175,3174,...
#Model 504.71s var:94409/103119 constraints:136969/145670 compo:18628,12627,3175,3175,3175,3175,3175,3175,3175,3174,...
#Model 667.79s var:94408/103119 constraints:136968/145670 compo:18628,12627,3175,3175,3175,3175,3175,3175,3175,3173,...
#Model 678.28s var:94333/103119 constraints:136893/145670 compo:18628,12552,3175,3175,3175,3175,3175,3175,3175,3173,...
#Model 728.67s var:94332/103119 constraints:136892/145670 compo:18628,12552,3175,3175,3175,3175,3175,3175,3174,3173,...
#Model 783.22s var:94327/103119 constraints:136887/145670 compo:18628,12552,3175,3175,3175,3175,3175,3175,3174,3173,...
#Model 877.66s var:94102/103119 constraints:136662/145670 compo:18628,12327,3175,3175,3175,3175,3175,3175,3174,3173,...
#Model 937.20s var:94099/103119 constraints:136659/145670 compo:18628,12327,3175,3175,3175,3175,3175,3175,3174,3173,...
#Model 1048.73s var:94096/103119 constraints:136656/145670 compo:18628,12327,3175,3175,3175,3175,3175,3174,3173,3172,...
#Model 1066.00s var:94092/103119 constraints:136652/145670 compo:18628,12327,3175,3175,3175,3175,3175,3174,3173,3172,...
#Model 1081.99s var:94088/103119 constraints:136648/145670 compo:18624,12327,3175,3175,3175,3175,3175,3174,3173,3172,...
#Model 1086.98s var:94087/103119 constraints:136647/145670 compo:18624,12327,3175,3175,3175,3175,3174,3174,3173,3172,...
#Model 1130.21s var:94084/103119 constraints:136644/145670 compo:18624,12327,3175,3175,3175,3175,3174,3174,3172,3170,...
#Model 1131.60s var:94081/103119 constraints:136641/145670 compo:18624,12327,3175,3175,3175,3175,3174,3174,3170,3169,...
#Model 1160.23s var:94080/103119 constraints:136640/145670 compo:18624,12327,3175,3175,3175,3175,3174,3174,3170,3169,...
#Model 1235.64s var:94079/103119 constraints:136638/145670 compo:18623,12327,3175,3175,3175,3175,3174,3174,3170,3169,...
#Model 1266.11s var:94076/103119 constraints:136635/145670 compo:18623,12327,3175,3175,3175,3175,3174,3174,3170,3169,...
#Model 1294.11s var:94072/103119 constraints:136631/145670 compo:18619,12327,3175,3175,3175,3175,3174,3174,3170,3169,...
#Model 1358.83s var:94070/103119 constraints:136629/145670 compo:18617,12327,3175,3175,3175,3175,3174,3174,3170,3169,...
#Model 1363.97s var:94069/103119 constraints:136628/145670 compo:18616,12327,3175,3175,3175,3175,3174,3174,3170,3169,...
#Model 1375.31s var:93994/103119 constraints:136553/145670 compo:18616,12327,3175,3175,3175,3174,3174,3170,3169,3165,...
#Model 1388.67s var:93991/103119 constraints:136550/145670 compo:18616,12327,3175,3175,3175,3174,3174,3170,3166,3165,...
#Model 1405.38s var:93966/103119 constraints:136525/145670 compo:18616,12327,3175,3175,3175,3174,3174,3170,3166,3165,...
#Model 1472.52s var:93965/103119 constraints:136524/145670 compo:18616,12327,3175,3175,3175,3174,3174,3170,3166,3165,...
#Model 1472.68s var:93961/103119 constraints:136520/145670 compo:18616,12327,3175,3175,3175,3174,3174,3170,3166,3165,...
#Model 1537.58s var:93960/103119 constraints:136519/145670 compo:18616,12327,3175,3175,3175,3174,3174,3170,3165,3165,...
#Model 1559.33s var:93955/103119 constraints:136514/145670 compo:18616,12327,3175,3175,3175,3174,3174,3170,3165,3165,...
#Model 1559.61s var:93951/103119 constraints:136510/145670 compo:18616,12327,3175,3175,3175,3174,3174,3170,3165,3161,...
#Model 1652.77s var:93948/103119 constraints:136507/145670 compo:18616,12327,3175,3175,3175,3174,3171,3170,3165,3161,...
#Model 1668.61s var:93947/103119 constraints:136506/145670 compo:18616,12327,3175,3175,3175,3174,3171,3170,3165,3161,...
#Model 1691.61s var:93946/103119 constraints:136505/145670 compo:18616,12327,3175,3175,3175,3174,3171,3169,3165,3161,...
#Model 1797.55s var:93945/103119 constraints:136504/145670 compo:18616,12327,3175,3175,3175,3174,3171,3169,3165,3161,...
#Model 1894.80s var:93944/103119 constraints:136503/145670 compo:18616,12327,3175,3175,3175,3174,3171,3169,3165,3161,...
#Model 1895.01s var:93941/103119 constraints:136500/145670 compo:18616,12327,3175,3175,3175,3174,3171,3169,3165,3161,...
#Model 1986.68s var:93940/103119 constraints:136499/145670 compo:18616,12327,3175,3175,3175,3174,3171,3169,3165,3161,...
#Model 2118.68s var:93936/103119 constraints:136495/145670 compo:18616,12327,3175,3175,3175,3174,3171,3169,3165,3161,...
#Model 2118.91s var:93935/103119 constraints:136494/145670 compo:18616,12327,3175,3175,3175,3174,3171,3169,3165,3161,...
#Model 2170.55s var:93835/103119 constraints:136394/145670 compo:18516,12327,3175,3175,3175,3174,3171,3169,3165,3161,...
#Model 2301.43s var:93834/103119 constraints:136393/145670 compo:18516,12327,3175,3175,3175,3174,3171,3169,3165,3161,...
#Model 2435.81s var:93833/103119 constraints:136392/145670 compo:18516,12327,3175,3175,3174,3174,3171,3169,3165,3161,...
#Model 2509.59s var:93821/103119 constraints:136380/145670 compo:18516,12327,3175,3175,3174,3174,3171,3169,3165,3161,...
#Model 2606.08s var:93805/103119 constraints:136364/145670 compo:18500,12327,3175,3175,3174,3174,3171,3169,3165,3161,...
#Model 2689.51s var:93757/103119 constraints:136316/145670 compo:18500,12327,3175,3175,3174,3174,3171,3169,3165,3161,...
#Model 2819.98s var:93753/103119 constraints:136312/145670 compo:18500,12327,3175,3175,3174,3174,3171,3169,3165,3161,...
#Model 2820.13s var:93752/103119 constraints:136311/145670 compo:18500,12327,3175,3175,3174,3174,3171,3169,3165,3161,...
#Model 2874.96s var:93749/103119 constraints:136308/145670 compo:18500,12327,3175,3175,3174,3171,3171,3169,3165,3161,...
#Model 2997.70s var:93746/103119 constraints:136305/145670 compo:18500,12327,3175,3175,3174,3171,3171,3169,3165,3161,...
#Model 3029.61s var:93698/103119 constraints:136257/145670 compo:18452,12327,3175,3175,3174,3171,3171,3169,3165,3161,...
#Model 3160.42s var:93697/103119 constraints:136256/145670 compo:18452,12327,3175,3175,3174,3171,3171,3168,3165,3161,...
#Model 3177.44s var:93696/103119 constraints:136255/145670 compo:18452,12327,3175,3175,3174,3171,3171,3168,3165,3161,...
#Model 3234.25s var:93695/103119 constraints:136254/145670 compo:18452,12327,3175,3175,3174,3171,3171,3168,3165,3161,...
#Model 3413.66s var:93694/103119 constraints:136253/145670 compo:18452,12327,3175,3175,3174,3171,3171,3168,3165,3161,...
#Model 3577.59s var:93693/103119 constraints:136252/145670 compo:18452,12327,3175,3175,3174,3171,3171,3167,3165,3161,...
#Model 3945.52s var:93690/103119 constraints:136249/145670 compo:18452,12327,3175,3175,3174,3171,3171,3165,3164,3161,...
#Model 4044.27s var:93684/103119 constraints:136240/145670 compo:18446,12327,3175,3175,3174,3171,3171,3165,3164,3161,...
#Model 4044.48s var:93678/103119 constraints:136234/145670 compo:18440,12327,3175,3175,3174,3171,3171,3165,3164,3161,...
#Model 4053.07s var:93673/103119 constraints:136229/145670 compo:18435,12327,3175,3175,3174,3171,3171,3165,3164,3161,...
#Model 4063.60s var:93662/103119 constraints:136215/145670 compo:18425,12327,3175,3175,3174,3171,3171,3165,3164,3161,...
#Model 4196.17s var:93657/103119 constraints:136210/145670 compo:18425,12327,3175,3175,3174,3171,3171,3165,3164,3161,...
#Model 4228.13s var:93656/103119 constraints:136209/145670 compo:18425,12327,3175,3175,3174,3171,3171,3165,3164,3161,...
#Model 4235.06s var:93655/103119 constraints:136208/145670 compo:18425,12327,3175,3175,3174,3171,3171,3165,3164,3161,...
#Model 4235.48s var:93652/103119 constraints:136205/145670 compo:18425,12327,3175,3175,3174,3171,3171,3165,3164,3161,...
#Model 4315.66s var:93651/103119 constraints:136204/145670 compo:18425,12327,3175,3175,3174,3171,3171,3165,3164,3161,...
#Model 4446.18s var:93650/103119 constraints:136203/145670 compo:18425,12327,3175,3175,3174,3171,3171,3165,3164,3161,...
#Model 4446.49s var:93645/103119 constraints:136198/145670 compo:18425,12327,3175,3175,3174,3171,3171,3165,3164,3161,...
#Model 4509.88s var:93642/103119 constraints:136195/145670 compo:18425,12327,3175,3175,3174,3171,3171,3165,3164,3161,...
#Model 4713.08s var:93641/103119 constraints:136194/145670 compo:18425,12327,3175,3174,3174,3171,3171,3165,3164,3161,...
#Model 4720.39s var:93640/103119 constraints:136193/145670 compo:18425,12327,3175,3174,3174,3171,3171,3165,3164,3161,...
#Model 4812.68s var:93636/103119 constraints:136189/145670 compo:18425,12327,3175,3174,3174,3171,3171,3165,3164,3161,...
#Model 4831.29s var:93631/103119 constraints:136184/145670 compo:18425,12327,3175,3174,3174,3171,3166,3165,3164,3161,...
#Model 4863.23s var:93630/103119 constraints:136183/145670 compo:18425,12327,3175,3174,3174,3171,3166,3165,3164,3161,...
#Model 5040.93s var:93629/103119 constraints:136182/145670 compo:18425,12327,3175,3174,3174,3171,3166,3165,3164,3161,...
#Model 5121.20s var:93628/103119 constraints:136181/145670 compo:18425,12327,3175,3174,3174,3171,3166,3165,3164,3161,...
#Model 5334.92s var:93623/103119 constraints:136176/145670 compo:18425,12327,3175,3174,3174,3171,3166,3165,3164,3161,...
#Model 5335.28s var:93622/103119 constraints:136175/145670 compo:18425,12327,3175,3174,3174,3171,3166,3164,3164,3161,...
#Model 5420.33s var:93620/103119 constraints:136173/145670 compo:18425,12327,3175,3174,3174,3171,3166,3164,3164,3161,...
#Model 5517.37s var:93618/103119 constraints:136171/145670 compo:18425,12327,3175,3174,3174,3171,3166,3164,3164,3161,...
#Model 5575.83s var:93614/103119 constraints:136167/145670 compo:18425,12327,3175,3174,3174,3171,3166,3164,3164,3161,...
#Model 5692.16s var:93613/103119 constraints:136166/145670 compo:18425,12327,3175,3174,3174,3171,3166,3164,3164,3161,...
#Model 5773.26s var:93608/103119 constraints:136161/145670 compo:18425,12327,3175,3174,3174,3171,3166,3164,3164,3161,...
#Model 5773.45s var:93607/103119 constraints:136160/145670 compo:18425,12327,3175,3174,3174,3171,3165,3164,3164,3161,...
#Model 5890.75s var:93602/103119 constraints:136155/145670 compo:18425,12327,3175,3174,3174,3171,3165,3164,3164,3161,...
#Model 5891.07s var:93597/103119 constraints:136150/145670 compo:18425,12327,3175,3174,3174,3171,3165,3164,3164,3161,...
#Model 5898.10s var:93596/103119 constraints:136149/145670 compo:18425,12327,3175,3174,3174,3171,3165,3164,3164,3161,...
#Model 5958.18s var:93593/103119 constraints:136146/145670 compo:18425,12327,3175,3174,3174,3171,3164,3164,3162,3161,...
#Model 6103.85s var:93592/103119 constraints:136145/145670 compo:18425,12327,3175,3174,3174,3171,3164,3164,3162,3161,...
#1     6171.58s no_lp (fixed_bools=9527/103119)
Task timing                      n [     min,      max]      avg      dev     time         n [     min,      max]      avg      dev    dtime
           'default_lp':         1 [   1.70h,    1.70h]    1.70h   0.00ns    1.70h         1 [  28.97m,   28.97m]   28.97m   0.00ns   28.97m
     'feasibility_pump':        43 [554.02ms,    2.13m]    1.00m   50.01s   43.13m        42 [ 49.98ms,   19.56s]    8.98s    7.31s    6.28m
                   'fj':      5015 [208.37ms,    1.39s] 505.15ms 133.90ms   42.22m      5015 [100.28ms, 102.80ms] 101.10ms 660.74us    8.45m
      'fs_random_no_lp':         1 [   1.70h,    1.70h]    1.70h   0.00ns    1.70h         1 [  56.06m,   56.06m]   56.06m   0.00ns   56.06m
           'max_lp_sym':         1 [   1.70h,    1.70h]    1.70h   0.00ns    1.70h         1 [  22.08m,   22.08m]   22.08m   0.00ns   22.08m
                'no_lp':         1 [   1.70h,    1.70h]    1.70h   0.00ns    1.70h         1 [   1.14h,    1.14h]    1.14h   0.00ns    1.14h
              'probing':         1 [   1.70h,    1.70h]    1.70h   0.00ns    1.70h         1 [   5.93m,    5.93m]    5.93m   0.00ns    5.93m
        'quick_restart':         1 [   1.70h,    1.70h]    1.70h   0.00ns    1.70h         1 [  24.59m,   24.59m]   24.59m   0.00ns   24.59m
  'quick_restart_no_lp':         1 [   1.70h,    1.70h]    1.70h   0.00ns    1.70h         1 [  18.91m,   18.91m]   18.91m   0.00ns   18.91m
            'rins/rens':     25329 [ 24.19ms, 208.42ms]  39.07ms   7.50ms   16.49m         0 [  0.00ns,   0.00ns]   0.00ns   0.00ns   0.00ns
Search stats                Bools   Conflicts     Branches    Restarts     BoolPropag  IntegerPropag
           'default_lp':  103'119      14'078   27'245'587   6'299'572    678'544'414    431'919'978
      'fs_random_no_lp':  103'119  27'208'119  168'722'677  10'705'298  6'673'991'484  2'347'993'303
           'max_lp_sym':  103'119     451'542   25'761'492   6'017'301    696'589'337    855'606'188
                'no_lp':  103'119  38'035'430  175'852'326  23'236'903  8'650'280'304  2'893'328'512
              'probing':  103'119         126      189'706     189'706      5'370'337      3'381'083
        'quick_restart':  103'119      12'540   22'406'369   5'197'140    551'742'634    351'351'891
  'quick_restart_no_lp':  103'119     960'289  329'798'883   8'042'577  5'065'785'459  3'311'257'185
SAT stats                 ClassicMinim   LitRemoved     LitLearned   LitForgotten  Subsumed   MClauses  MDecisions  MLitTrue  MSubsumed  MLitRemoved  MReused
           'default_lp':         4'881       71'242        240'632              0        23  3'066'143  15'833'641        19      1'950      114'877  133'601
      'fs_random_no_lp':    23'933'529  320'756'761  1'045'642'523  1'025'570'239   150'706  1'959'353  15'671'510        19    295'187    3'930'307  240'193
           'max_lp_sym':       414'919    8'679'001     31'910'989     30'599'701     1'340  2'538'360  13'040'098         0      1'530       56'949   92'767
                'no_lp':    33'590'379  580'280'999  1'878'459'836  1'856'219'431   254'711  8'367'538  48'858'339        19    376'269    3'773'128  975'302
              'probing':             0            0            126              0         0          0           0         0          0            0        0
        'quick_restart':         1'956       10'319         32'341              0         0  2'521'991  13'050'882        19      1'738      113'632  111'390
  'quick_restart_no_lp':       544'285    3'840'149     26'027'119     22'177'434     8'254  3'416'231  15'559'704        19    207'206    1'497'300  126'982
Lp stats            Component  Iterations  AddedCuts  OPTIMAL  DUAL_F.  DUAL_U.
     'default_lp':         22   6'428'683    261'804   81'646      525    2'478
     'max_lp_sym':         22   2'154'972    230'060  163'424   48'337    1'314
        'probing':         22     640'802    230'693    7'332        2        0
  'quick_restart':         22   3'903'968    302'845   43'147      368      252
Lp dimension             Final dimension of first component
     'default_lp':   2290 rows, 2000 columns, 23432 entries
     'max_lp_sym':  5282 rows, 2075 columns, 118684 entries
        'probing':   3649 rows, 2000 columns, 58387 entries
  'quick_restart':   2882 rows, 2000 columns, 29065 entries
Lp debug            CutPropag  CutEqPropag  Adjust  Overflow         Bad  BadScaling
     'default_lp':          0          337   2'453         0  14'631'544           0
     'max_lp_sym':        118        3'588   1'289         0  12'483'226           0
        'probing':          0          335       0         0  30'894'212           0
  'quick_restart':          0          570     240         0  15'461'508           0
Lp pool             Constraints  Updates  Simplif  Merged  Shortened    Split  Strenghtened          Cuts/Call
     'default_lp':      194'809  124'085        0       2         74        0           681    261'804/897'423
     'max_lp_sym':      226'739  143'377  371'521     908     30'485  243'350         1'225  230'060/8'370'076
        'probing':      163'697   95'785        0       3         46        0           386  230'693/1'047'567
  'quick_restart':      209'851  142'969        0       1        150        0           591    302'845/965'074
Lp Cut            quick_restart  probing  default_lp  max_lp_sym
          CG_FF:          4'028    3'194       2'985       2'895
           CG_K:          1'414    1'240       1'113       1'347
          CG_KL:            215      115         162          98
           CG_R:          4'028    2'329       3'098       6'198
          CG_RB:          1'643    2'224       1'293       2'008
         CG_RBP:             99       77          78       1'032
         Clique:              -        -           -      15'807
             IB:         38'036   15'994      30'933       8'608
       MIR_1_FF:         44'850   33'897      39'280       6'659
        MIR_1_K:             69       65          50         934
       MIR_1_KL:              2        2           3          75
        MIR_1_R:             34       19          47         670
       MIR_1_RB:            104      319         100         612
      MIR_1_RBP:              1        2           -          91
      MIR_1_RLT:              -        -           -       5'367
       MIR_2_FF:         31'505   29'749      26'581       6'111
        MIR_2_K:          1'700    2'064       1'469       1'081
       MIR_2_KL:             10       11          15         114
        MIR_2_R:            741      509         677       1'842
       MIR_2_RB:            794    1'404         656         646
      MIR_2_RBP:             20       18           4         192
       MIR_3_FF:         26'166   25'930      22'149       4'625
        MIR_3_K:          2'991    2'308       2'488         610
       MIR_3_KL:            505      236         356          68
        MIR_3_R:          2'089    1'241       1'841       1'962
       MIR_3_RB:            661    1'208         579         422
      MIR_3_RBP:            184      146         134         151
       MIR_4_FF:         19'353   20'167      16'796       2'869
        MIR_4_K:          4'635    3'236       4'077         395
       MIR_4_KL:            543      330         477          52
        MIR_4_R:          1'913    1'162       1'658       1'246
       MIR_4_RB:            771    1'045         662         255
      MIR_4_RBP:            320      224         250          85
       MIR_5_FF:         10'959   10'986       9'896       1'679
        MIR_5_K:          4'627    3'475       4'156         222
       MIR_5_KL:            620      376         495          11
        MIR_5_R:          1'343      722       1'184       1'072
       MIR_5_RB:            747      783         608         196
      MIR_5_RBP:            430      323         390          64
       MIR_6_FF:          5'020    4'806       4'309         981
        MIR_6_K:          2'760    2'672       2'669         135
       MIR_6_KL:            287      154         215           8
        MIR_6_R:            930      490         822         731
       MIR_6_RB:            355      441         282         147
      MIR_6_RBP:            252      342         288          49
   ZERO_HALF_FF:         20'919   16'485      18'432      28'856
    ZERO_HALF_K:          2'637    1'462       2'183       1'458
   ZERO_HALF_KL:              5        2           3          58
    ZERO_HALF_R:         61'111   36'295      55'581     118'368
   ZERO_HALF_RB:            418      414         280         519
  ZERO_HALF_RBP:              1        -           -         379
LNS stats       Improv/Calls  Closed  Difficulty  TimeLimit
  'rins/rens':           0/0      0%    5.00e-01       0.10
LS stats                                    Batches  Restarts/Perturbs    LinMoves    GenMoves  CompoundMoves  Bactracks  WeightUpdates  ScoreComputed
                             'fj_restart':      367                 80  16'565'653           0              0          0         43'307     41'241'132
                    'fj_restart_compound':      160                 70           0   3'598'129      3'092'916    252'432            289     76'571'357
                'fj_restart_compound_obj':      383                 74           0   8'950'903      5'552'989  1'698'797            839    172'103'074
            'fj_restart_compound_perturb':      309                 78           0   6'966'764      5'204'640    880'801            538    143'114'459
        'fj_restart_compound_perturb_obj':      440                 81           0  10'226'533      6'492'312  1'866'675            903    198'608'719
                       'fj_restart_decay':      387                 81  18'865'534           0              0          0          7'089     42'172'156
              'fj_restart_decay_compound':      689                 85           0  17'327'773     12'020'450  2'653'411            888    297'586'561
          'fj_restart_decay_compound_obj':      325                 78           0   7'805'663      6'197'038    804'072            441    146'062'223
      'fj_restart_decay_compound_perturb':      276                 78           0   6'761'859      5'349'115    706'200            362    125'044'079
  'fj_restart_decay_compound_perturb_obj':      285                 66           0   7'014'545      5'376'627    818'757            365    127'315'428
                   'fj_restart_decay_obj':      125                 57   6'082'875           0              0          0          2'202     13'755'772
               'fj_restart_decay_perturb':      140                 68   6'846'084           0              0          0          2'451     15'449'501
           'fj_restart_decay_perturb_obj':      285                 68  13'933'508           0              0          0          5'195     31'070'796
                         'fj_restart_obj':      469                 83  21'357'274           0              0          0         69'118     50'948'950
                     'fj_restart_perturb':      158                 66   7'252'152           0              0          0          9'426     18'451'908
                 'fj_restart_perturb_obj':      217                 64   9'866'030           0              0          0         20'016     24'925'882
Solution repositories    Added  Queried  Synchro
  'feasible solutions':      1        0        1
   'fj solution hints':  1'169        0    1'169
        'lp solutions':  6'001   25'329    5'862
                'pump':      0        0
Improving bounds shared      Num    Sym
            'default_lp':     52    135
       'fs_random_no_lp':  2'266  1'520
            'max_lp_sym':     13    411
                 'no_lp':     75    453
         'quick_restart':     44    476
   'quick_restart_no_lp':    863  1'582
Clauses shared                Num
           'default_lp':    2'587
      'fs_random_no_lp':  126'804
           'max_lp_sym':   11'050
                'no_lp':   57'256
              'probing':        2
        'quick_restart':    4'494
  'quick_restart_no_lp':  112'239
CpSolverResponse summary:
status: OPTIMAL
objective: NA
best_bound: NA
integers: 59907
booleans: 103119
conflicts: 27208119
branches: 168722677
propagations: 6673991484
integer_propagations: 2347993303
restarts: 10705298
lp_iterations: 0
walltime: 6176.83
usertime: 6176.83
deterministic_time: 14387.9
gap_integral: 0
solution_fingerprint: 0x41580926452a6c3b
