Starting CP-SAT solver v9.12.4544
Parameters: log_search_progress: true num_search_workers: 8 log_to_stdout: false
Initial satisfaction model '': (model_fingerprint: 0xce72bb6acae0d482)
#Variables: 243'750
  - 231'250 Booleans in [0,1]
  - 12'500 in [0,7]
#kBoolOr: 225'000 (#enforced: 150'000) (#literals: 375'000)
#kLinear1: 118'750 (#enforced: 112'500)
#kLinear2: 12'500
#kLinearN: 71'500 (#terms: 706'250)
#kTable: 12'500
Starting presolve at 0.92s
  1.55e-01s  0.00e+00d  [DetectDominanceRelations] 
  3.20e+00s  0.00e+00d  [operations_research::sat::CpModelPresolver::PresolveToFixPoint] #num_loops=3 #num_dual_strengthening=2 
  4.98e-02s  0.00e+00d  [operations_research::sat::CpModelPresolver::ExtractEncodingFromLinear] #potential_supersets=39'000 #potential_subsets=6'250 
  9.40e-02s  0.00e+00d  [operations_research::sat::CpModelPresolver::DetectDuplicateColumns] 
  1.62e-01s  0.00e+00d  [operations_research::sat::CpModelPresolver::DetectDuplicateConstraints] 
[Symmetry] Graph for symmetry has 846'500 nodes and 1'800'000 arcs.
[Symmetry] GraphSymmetryFinder error: Some automorphisms were found, but probably not all.
[Symmetry] Symmetry computation done. time: 2.05372 dtime: 1.0007
[Symmetry] #generators: 213, average support size: 913.371
[Symmetry] 41208 orbits on 130832 variables with sizes: 75,75,75,75,75,75,75,75,75,75,...
[Symmetry] Num fixable by binary propagation in orbit: 6 / 75
[Symmetry] Num fixable by intersecting at_most_one with orbits: 8 largest_orbit: 75
[Symmetry] Found orbitope of size 375 x 3
[SAT presolve] num removable Booleans: 0 / 206250
[SAT presolve] num trivial clauses: 0
[SAT presolve] [0s] clauses:262537 literals:600066 vars:199992 one_side_vars:0 simple_definition:137492 singleton_clauses:0
[SAT presolve] [0.123456s] clauses:262537 literals:600066 vars:199992 one_side_vars:0 simple_definition:137492 singleton_clauses:0
[SAT presolve] [0.163424s] clauses:262537 literals:600066 vars:199992 one_side_vars:0 simple_definition:137492 singleton_clauses:0
  9.68e-02s  0.00e+00d  [operations_research::sat::CpModelPresolver::DetectDuplicateConstraintsWithDifferentEnforcements] 
  4.36e+00s  1.02e+00d *[operations_research::sat::CpModelPresolver::Probe] #probed=239'457 #fixed_bools=2'804 #equiv=18'759 #new_binary_clauses=732'548 
  1.00e+00s  6.28e-01d  [MaxClique] Merged 222'795(637'590 literals) into 180'267(612'553 literals) at_most_ones. 
  1.74e-01s  0.00e+00d  [DetectDominanceRelations] 
  2.60e+00s  0.00e+00d  [operations_research::sat::CpModelPresolver::PresolveToFixPoint] #num_loops=1 #num_dual_strengthening=1 
  7.55e-01s  0.00e+00d  [operations_research::sat::CpModelPresolver::ProcessAtMostOneAndLinear] #num_changes=7'500 
  1.63e-01s  0.00e+00d  [operations_research::sat::CpModelPresolver::DetectDuplicateConstraints] 
  1.60e-01s  0.00e+00d  [operations_research::sat::CpModelPresolver::DetectDuplicateConstraintsWithDifferentEnforcements] 
  1.31e-01s  1.28e-03d  [operations_research::sat::CpModelPresolver::DetectDominatedLinearConstraints] #relevant_constraints=32'500 #num_inclusions=7'500 #num_redundant=7'500 
  4.75e-02s  0.00e+00d  [operations_research::sat::CpModelPresolver::DetectDifferentVariables] 
  3.43e-01s  4.03e-03d  [operations_research::sat::CpModelPresolver::ProcessSetPPC] #relevant_constraints=238'081 #num_inclusions=106'881 
  5.13e-02s  0.00e+00d  [operations_research::sat::CpModelPresolver::FindAlmostIdenticalLinearConstraints] 
  4.04e-01s  1.05e-01d  [operations_research::sat::CpModelPresolver::FindBigAtMostOneAndLinearOverlap] 
  1.80e-01s  4.21e-02d  [operations_research::sat::CpModelPresolver::FindBigVerticalLinearOverlap] 
  4.68e-02s  1.47e-03d  [operations_research::sat::CpModelPresolver::FindBigHorizontalLinearOverlap] #linears=25'000 
  1.13e-01s  1.08e-03d  [operations_research::sat::CpModelPresolver::MergeClauses] 
  2.17e-01s  0.00e+00d  [DetectDominanceRelations] 
  1.09e+00s  0.00e+00d  [operations_research::sat::CpModelPresolver::PresolveToFixPoint] #num_loops=1 #num_dual_strengthening=1 
  1.88e-01s  0.00e+00d  [DetectDominanceRelations] 
  3.17e+00s  0.00e+00d  [operations_research::sat::CpModelPresolver::PresolveToFixPoint] #num_loops=1 #num_dual_strengthening=1 
  1.02e-01s  0.00e+00d  [operations_research::sat::CpModelPresolver::DetectDuplicateColumns] 
  1.32e-01s  0.00e+00d  [operations_research::sat::CpModelPresolver::DetectDuplicateConstraints] 
[Symmetry] Graph for symmetry has 738'058 nodes and 1'515'912 arcs.
[Symmetry] GraphSymmetryFinder error: Some automorphisms were found, but probably not all.
[Symmetry] Symmetry computation done. time: 2.2972 dtime: 1.00041
[Symmetry] #generators: 210, average support size: 865.076
[Symmetry] 35439 orbits on 112736 variables with sizes: 150,150,150,150,150,150,150,150,150,150,...
[Symmetry] Num fixable by binary propagation in orbit: 6 / 150
[Symmetry] Num fixable by intersecting at_most_one with orbits: 28 largest_orbit: 150
[Symmetry] Found orbitope of size 350 x 3
[SAT presolve] num removable Booleans: 0 / 178429
[SAT presolve] num trivial clauses: 0
[SAT presolve] [0s] clauses:247891 literals:1217205 vars:159627 one_side_vars:15145 simple_definition:82011 singleton_clauses:0
[SAT presolve] [0.184615s] clauses:247891 literals:1217185 vars:159627 one_side_vars:15145 simple_definition:82011 singleton_clauses:0
[SAT presolve] [0.242166s] clauses:247891 literals:1217185 vars:159627 one_side_vars:15145 simple_definition:82011 singleton_clauses:0
  1.24e-01s  0.00e+00d  [operations_research::sat::CpModelPresolver::DetectDuplicateConstraintsWithDifferentEnforcements] 
  4.19e+00s  1.11e+00d *[operations_research::sat::CpModelPresolver::Probe] #probed=190'620 #fixed_bools=11 #equiv=6 #new_binary_clauses=627'895 
  1.00e+00s  5.09e-01d  [MaxClique] Merged 140'066(529'321 literals) into 139'929(529'096 literals) at_most_ones. 
  2.78e-01s  0.00e+00d  [DetectDominanceRelations] 
  1.19e+00s  0.00e+00d  [operations_research::sat::CpModelPresolver::PresolveToFixPoint] #num_loops=1 #num_dual_strengthening=1 
  3.43e-01s  0.00e+00d  [operations_research::sat::CpModelPresolver::ProcessAtMostOneAndLinear] 
  2.08e-01s  0.00e+00d  [operations_research::sat::CpModelPresolver::DetectDuplicateConstraints] #duplicates=1 
  2.83e-01s  0.00e+00d  [operations_research::sat::CpModelPresolver::DetectDuplicateConstraintsWithDifferentEnforcements] 
  9.85e-02s  7.45e-04d  [operations_research::sat::CpModelPresolver::DetectDominatedLinearConstraints] #relevant_constraints=17'495 
  5.01e-02s  0.00e+00d  [operations_research::sat::CpModelPresolver::DetectDifferentVariables] 
  4.71e-01s  8.40e-03d  [operations_research::sat::CpModelPresolver::ProcessSetPPC] #relevant_constraints=305'491 #num_inclusions=172'780 
  6.06e-02s  0.00e+00d  [operations_research::sat::CpModelPresolver::FindAlmostIdenticalLinearConstraints] 
  5.34e-01s  9.73e-02d  [operations_research::sat::CpModelPresolver::FindBigAtMostOneAndLinearOverlap] 
  2.33e-01s  3.09e-02d  [operations_research::sat::CpModelPresolver::FindBigVerticalLinearOverlap] 
  5.69e-02s  1.11e-03d  [operations_research::sat::CpModelPresolver::FindBigHorizontalLinearOverlap] #linears=17'495 
  1.98e-01s  5.05e-03d  [operations_research::sat::CpModelPresolver::MergeClauses] #num_collisions=64'655 #num_merges=64'655 #num_saved_literals=646'258 
  1.98e-01s  0.00e+00d  [DetectDominanceRelations] 
  1.15e+00s  0.00e+00d  [operations_research::sat::CpModelPresolver::PresolveToFixPoint] #num_loops=1 #num_dual_strengthening=1 
  2.01e-01s  0.00e+00d  [DetectDominanceRelations] 
  9.30e-01s  0.00e+00d  [operations_research::sat::CpModelPresolver::PresolveToFixPoint] #num_loops=1 #num_dual_strengthening=1 
  1.39e-01s  0.00e+00d  [operations_research::sat::CpModelPresolver::DetectDuplicateColumns] 
  1.68e-01s  0.00e+00d  [operations_research::sat::CpModelPresolver::DetectDuplicateConstraints] 
[Symmetry] Graph for symmetry has 737'890 nodes and 1'515'534 arcs.
[Symmetry] GraphSymmetryFinder error: Some automorphisms were found, but probably not all.
[Symmetry] Symmetry computation done. time: 2.07864 dtime: 1.00004
[Symmetry] #generators: 209, average support size: 836.919
[Symmetry] 35699 orbits on 112654 variables with sizes: 75,75,75,75,75,75,75,75,75,75,...
[Symmetry] Num fixable by binary propagation in orbit: 6 / 75
[Symmetry] Num fixable by intersecting at_most_one with orbits: 28 largest_orbit: 75
[Symmetry] Found orbitope of size 350 x 3
[SAT presolve] num removable Booleans: 0 / 178360
[SAT presolve] num trivial clauses: 0
[SAT presolve] [0s] clauses:247737 literals:1216383 vars:159563 one_side_vars:15210 simple_definition:81908 singleton_clauses:0
[SAT presolve] [0.139958s] clauses:247737 literals:1216363 vars:159563 one_side_vars:15210 simple_definition:81908 singleton_clauses:0
[SAT presolve] [0.175854s] clauses:247737 literals:1216363 vars:159563 one_side_vars:15210 simple_definition:81908 singleton_clauses:0
  1.93e-01s  0.00e+00d  [operations_research::sat::CpModelPresolver::DetectDuplicateConstraintsWithDifferentEnforcements] 
  4.76e+00s  1.11e+00d *[operations_research::sat::CpModelPresolver::Probe] #probed=190'858 #fixed_bools=11 #equiv=6 #new_binary_clauses=627'364 
  1.11e+00s  5.09e-01d  [MaxClique] Merged 139'960(529'013 literals) into 139'910(528'963 literals) at_most_ones. 
  4.34e-01s  0.00e+00d  [DetectDominanceRelations] 
  1.76e+00s  0.00e+00d  [operations_research::sat::CpModelPresolver::PresolveToFixPoint] #num_loops=1 #num_dual_strengthening=1 
  4.31e-01s  0.00e+00d  [operations_research::sat::CpModelPresolver::ProcessAtMostOneAndLinear] 
  2.00e-01s  0.00e+00d  [operations_research::sat::CpModelPresolver::DetectDuplicateConstraints] #duplicates=1 
  2.77e-01s  0.00e+00d  [operations_research::sat::CpModelPresolver::DetectDuplicateConstraintsWithDifferentEnforcements] 
  7.91e-02s  7.45e-04d  [operations_research::sat::CpModelPresolver::DetectDominatedLinearConstraints] #relevant_constraints=17'490 
  7.05e-02s  0.00e+00d  [operations_research::sat::CpModelPresolver::DetectDifferentVariables] 
  4.56e-01s  8.39e-03d  [operations_research::sat::CpModelPresolver::ProcessSetPPC] #relevant_constraints=305'413 #num_inclusions=172'729 
  1.27e-01s  0.00e+00d  [operations_research::sat::CpModelPresolver::FindAlmostIdenticalLinearConstraints] 
  6.02e-01s  9.72e-02d  [operations_research::sat::CpModelPresolver::FindBigAtMostOneAndLinearOverlap] 
  2.72e-01s  3.09e-02d  [operations_research::sat::CpModelPresolver::FindBigVerticalLinearOverlap] 
  6.67e-02s  1.11e-03d  [operations_research::sat::CpModelPresolver::FindBigHorizontalLinearOverlap] #linears=17'490 
  2.62e-01s  5.05e-03d  [operations_research::sat::CpModelPresolver::MergeClauses] #num_collisions=64'622 #num_merges=64'622 #num_saved_literals=645'708 
  3.84e-01s  0.00e+00d  [DetectDominanceRelations] 
  1.67e+00s  0.00e+00d  [operations_research::sat::CpModelPresolver::PresolveToFixPoint] #num_loops=1 #num_dual_strengthening=1 
Presolve summary:
  - 43771 affine relations were detected.
  - rule 'TODO dual: only one blocking constraint?' was applied 727'294 times.
  - rule 'affine: new relation' was applied 43'771 times.
  - rule 'at_most_one: removed literals' was applied 8'585 times.
  - rule 'at_most_one: size one' was applied 5'620 times.
  - rule 'at_most_one: transformed into max clique.' was applied 3 times.
  - rule 'bool_and: x => x' was applied 12'500 times.
  - rule 'bool_or: always true' was applied 13 times.
  - rule 'bool_or: implications' was applied 152'803 times.
  - rule 'bool_or: only one literal' was applied 6'250 times.
  - rule 'deductions: 100000 stored' was applied 1 time.
  - rule 'dual: enforced equivalence' was applied 6'250 times.
  - rule 'dual: make encoding equiv' was applied 25'000 times.
  - rule 'duplicate: removed constraint' was applied 2 times.
  - rule 'enforcement: true literal' was applied 6'250 times.
  - rule 'exactly_one: satisfied' was applied 2 times.
  - rule 'linear + amo: extracted enforcement literal' was applied 74'991 times.
  - rule 'linear + amo: fixed literal implied by enforcement' was applied 1'250 times.
  - rule 'linear inclusion: redundant included constraint' was applied 7'500 times.
  - rule 'linear1: transformed to implication' was applied 25'000 times.
  - rule 'linear1: x in domain' was applied 6'250 times.
  - rule 'linear: always true' was applied 18'758 times.
  - rule 'linear: divide by GCD' was applied 37'500 times.
  - rule 'linear: enforcement literal in expression' was applied 12'500 times.
  - rule 'linear: fixed or dup variables' was applied 12'564 times.
  - rule 'linear: negative reified and' was applied 7'500 times.
  - rule 'linear: positive at most one' was applied 35'250 times.
  - rule 'linear: positive equal one' was applied 3'750 times.
  - rule 'linear: remapped using affine relations' was applied 68'750 times.
  - rule 'linear: simplified rhs' was applied 57'505 times.
  - rule 'presolve: 9188 unused variables removed.' was applied 1 time.
  - rule 'presolve: iteration' was applied 3 times.
  - rule 'probing: bool_or reduced to implication' was applied 13 times.
  - rule 'probing: simplified clauses.' was applied 80 times.
  - rule 'setppc: removed dominated constraints' was applied 3 times.
  - rule 'symmetry: added orbit symmetry breaking implications' was applied 3 times.
  - rule 'symmetry: fixed to false in general orbit' was applied 64 times.
  - rule 'table: only one column!' was applied 12'500 times.
  - rule 'table: reduce variable domain' was applied 12'500 times.
  - rule 'variables: both boolean and its negation fix the same variable' was applied 6'250 times.
  - rule 'variables: detect fully reified value encoding' was applied 18'750 times.
  - rule 'variables: detect half reified value encoding' was applied 50'000 times.
  - rule 'variables: removable enforcement literal' was applied 6'250 times.
Presolved satisfaction model '': (model_fingerprint: 0xac0542d3b425738c)
#Variables: 184'541
  - 178'291 Booleans in [0,1]
  - 6'250 in [0][2,3]
#kAtMostOne: 36'514 (#literals: 322'029)
#kBoolAnd: 108'078 (#enforced: 108'078 #multi: 7'497) (#literals: 350'990)
#kBoolOr: 72'158 (#literals: 216'664)
#kExactlyOne: 3'748 (#literals: 18'740)
#kLinear1: 25'000 (#enforced: 25'000)
#kLinearN: 17'490 (#terms: 222'313)
[Symmetry] Graph for symmetry has 678'528 nodes and 1'515'119 arcs.
[Symmetry] GraphSymmetryFinder error: Some automorphisms were found, but probably not all.
[Symmetry] Symmetry computation done. time: 2.78568 dtime: 1.00137
[Symmetry] #generators: 211, average support size: 836
[Symmetry] 35604 orbits on 112804 variables with sizes: 48,48,48,48,48,48,48,48,48,48,...
[Symmetry] Found orbitope of size 350 x 3
Preloading model.
#Model  75.54s var:184541/184541 constraints:262988/262988 compo:7262,3700,3700,3700,3700,3700,3700,3700,3700,3700,...
Starting search at 75.71s with 8 workers.
6 full problem subsolvers: [default_lp, max_lp_sym, no_lp, probing, quick_restart, quick_restart_no_lp]
2 first solution subsolvers: [fj, fs_random_no_lp]
2 interleaved subsolvers: [feasibility_pump, rins/rens]
2 helper subsolvers: [neighborhood_helper, synchronization_agent]
#Model  85.24s var:184485/184541 constraints:262876/262988 compo:7262,3700,3700,3700,3700,3700,3700,3700,3700,3700,...
#Model  86.46s var:181970/184541 constraints:257846/262988 compo:7262,3700,3700,3700,3700,3700,3700,3700,3700,3682,...
#Model  88.50s var:176077/184541 constraints:251075/262988 compo:6870,3532,3525,3525,3525,3525,3525,3525,3525,3525,...
#Model  89.75s var:174852/184541 constraints:249850/262988 compo:6870,3500,3500,3500,3500,3500,3500,3500,3500,3500,...
#Model  94.28s var:174849/184541 constraints:249847/262988 compo:6870,3500,3500,3500,3500,3500,3500,3500,3500,3500,...
#Model  96.64s var:174845/184541 constraints:249843/262988 compo:6870,3500,3500,3500,3500,3500,3500,3500,3500,3500,...
#Model  97.76s var:174842/184541 constraints:249840/262988 compo:6870,3500,3500,3500,3500,3500,3500,3500,3500,3500,...
#Model  99.38s var:174839/184541 constraints:249837/262988 compo:6870,3500,3500,3500,3500,3500,3500,3500,3500,3500,...
#Model 101.22s var:174833/184541 constraints:249831/262988 compo:6870,3500,3500,3500,3500,3500,3500,3500,3500,3500,...
#Model 102.64s var:174830/184541 constraints:249828/262988 compo:6870,3500,3500,3500,3500,3500,3500,3500,3500,3500,...
#Model 103.85s var:174824/184541 constraints:249822/262988 compo:6870,3500,3500,3500,3500,3500,3500,3500,3500,3500,...
#Model 104.95s var:168966/184541 constraints:243964/262988 compo:6870,3500,3500,3500,3500,3500,3500,3500,3500,3500,...
#Model 106.73s var:168500/184541 constraints:243498/262988 compo:6870,3500,3500,3500,3500,3500,3500,3500,3500,3500,...
#Model 107.62s var:168268/184541 constraints:243266/262988 compo:6870,3500,3500,3500,3500,3500,3500,3500,3500,3500,...
#Model 108.52s var:168059/184541 constraints:243057/262988 compo:6870,3500,3500,3500,3500,3500,3500,3500,3500,3500,...
#Model 111.10s var:167790/184541 constraints:242788/262988 compo:6870,3500,3500,3500,3500,3500,3500,3500,3500,3500,...
#Model 112.13s var:167788/184541 constraints:242786/262988 compo:6870,3500,3500,3500,3500,3500,3500,3500,3500,3500,...
#Model 113.12s var:167779/184541 constraints:242777/262988 compo:6870,3500,3500,3500,3500,3500,3500,3500,3500,3500,...
#Model 115.36s var:167774/184541 constraints:242772/262988 compo:6870,3500,3500,3500,3500,3500,3500,3500,3500,3500,...
#Model 118.86s var:167768/184541 constraints:242766/262988 compo:6870,3500,3500,3500,3500,3500,3500,3500,3500,3500,...
#Model 119.93s var:167765/184541 constraints:242763/262988 compo:6870,3500,3500,3500,3500,3500,3500,3500,3500,3500,...
#Model 120.97s var:167760/184541 constraints:242758/262988 compo:6870,3500,3500,3500,3500,3500,3500,3500,3500,3500,...
#Model 122.87s var:167738/184541 constraints:242736/262988 compo:6870,3500,3500,3500,3500,3500,3500,3500,3500,3500,...
#Model 123.66s var:167721/184541 constraints:242719/262988 compo:6870,3500,3500,3500,3500,3500,3500,3500,3500,3500,...
#Model 124.51s var:167708/184541 constraints:242706/262988 compo:6870,3500,3500,3500,3500,3500,3500,3500,3500,3500,...
#Model 126.96s var:167689/184541 constraints:242687/262988 compo:6870,3500,3500,3500,3500,3500,3500,3500,3500,3500,...
#Model 127.81s var:167683/184541 constraints:242681/262988 compo:6870,3500,3500,3500,3500,3500,3500,3500,3500,3500,...
#Model 128.58s var:167679/184541 constraints:242677/262988 compo:6870,3500,3500,3500,3500,3500,3500,3500,3500,3500,...
#Model 129.17s var:167672/184541 constraints:242670/262988 compo:6870,3500,3500,3500,3500,3500,3500,3500,3500,3500,...
#Model 131.63s var:167658/184541 constraints:242656/262988 compo:6870,3500,3500,3500,3500,3500,3500,3500,3500,3500,...
#Model 133.15s var:167654/184541 constraints:242652/262988 compo:6870,3500,3500,3500,3500,3500,3500,3500,3500,3500,...
#Model 135.91s var:167650/184541 constraints:242648/262988 compo:6870,3500,3500,3500,3500,3500,3500,3500,3500,3500,...
#Model 138.62s var:167641/184541 constraints:242639/262988 compo:6870,3500,3500,3500,3500,3500,3500,3500,3500,3500,...
#Model 140.13s var:166466/184541 constraints:241464/262988 compo:6870,3500,3500,3500,3500,3500,3500,3500,3500,3500,...
#Model 142.08s var:166377/184541 constraints:241375/262988 compo:6870,3500,3500,3500,3500,3500,3500,3500,3500,3500,...
#Model 142.87s var:166097/184541 constraints:241095/262988 compo:6870,3500,3500,3500,3500,3500,3500,3500,3500,3500,...
#Model 143.69s var:166062/184541 constraints:241060/262988 compo:6870,3500,3500,3500,3500,3500,3500,3500,3500,3500,...
#Model 146.12s var:166059/184541 constraints:241057/262988 compo:6870,3500,3500,3500,3500,3500,3500,3500,3500,3500,...
#Model 147.07s var:166030/184541 constraints:241042/262988 compo:6858,3500,3500,3500,3500,3500,3499,3499,3499,3499,...
#Model 147.84s var:165982/184541 constraints:240994/262988 compo:6858,3500,3500,3500,3500,3499,3499,3499,3499,3497,...
#Model 150.97s var:165868/184541 constraints:240880/262988 compo:6826,3500,3499,3499,3497,3497,3497,3497,3496,3496,...
#Model 152.19s var:165779/184541 constraints:240791/262988 compo:6826,3499,3498,3497,3497,3497,3496,3496,3494,3494,...
#Model 153.27s var:165751/184541 constraints:240763/262988 compo:6818,3499,3498,3497,3497,3497,3496,3495,3494,3494,...
#Model 154.21s var:165743/184541 constraints:240755/262988 compo:6818,3498,3497,3497,3497,3496,3494,3494,3494,3493,...
#Model 156.59s var:165577/184541 constraints:240589/262988 compo:6754,3497,3494,3494,3494,3493,3491,3490,3489,3487,...
#Model 157.20s var:165552/184541 constraints:240564/262988 compo:6738,3497,3494,3494,3494,3490,3489,3488,3487,3487,...
#Model 157.74s var:162741/184541 constraints:237753/262988 compo:6378,3300,3292,3291,3291,3287,3282,3282,3281,3279,...
#Model 158.50s var:162738/184541 constraints:237750/262988 compo:6378,3300,3292,3291,3291,3287,3282,3282,3279,3278,...
#Model 160.45s var:162644/184541 constraints:237656/262988 compo:6378,3300,3291,3291,3287,3282,3279,3276,3271,3256,...
#Model 161.75s var:162382/184541 constraints:237394/262988 compo:6378,3265,3256,3250,3250,3250,3250,3250,3250,3250,...
#Model 163.22s var:162360/184541 constraints:237372/262988 compo:6378,3250,3250,3250,3250,3250,3250,3250,3250,3250,...
#Model 335.11s var:162348/184541 constraints:237360/262988 compo:6378,3250,3250,3250,3250,3250,3250,3250,3250,3250,...
#Model 498.12s var:162308/184541 constraints:237320/262988 compo:6338,3250,3250,3250,3250,3250,3250,3250,3250,3250,...
#Model 499.04s var:162300/184541 constraints:237312/262988 compo:6338,3250,3250,3250,3250,3250,3250,3250,3250,3250,...
#Model 693.22s var:162295/184541 constraints:237307/262988 compo:6338,3250,3250,3250,3250,3250,3250,3250,3250,3250,...
#Model 827.40s var:162294/184541 constraints:237306/262988 compo:6338,3250,3250,3250,3250,3250,3250,3250,3250,3250,...
#Model 909.08s var:162291/184541 constraints:237303/262988 compo:6338,3250,3250,3250,3250,3250,3250,3250,3250,3250,...
#Model 1086.20s var:162275/184541 constraints:237287/262988 compo:6338,3250,3250,3250,3250,3250,3250,3250,3250,3250,...
#Model 1481.27s var:162274/184541 constraints:237286/262988 compo:6338,3250,3250,3250,3250,3250,3250,3250,3250,3250,...
#Model 1585.00s var:162273/184541 constraints:237285/262988 compo:6338,3250,3250,3250,3250,3250,3250,3250,3250,3250,...
#Model 1587.70s var:162272/184541 constraints:237284/262988 compo:6338,3250,3250,3250,3250,3250,3250,3250,3250,3250,...
#Model 1588.50s var:162268/184541 constraints:237280/262988 compo:6338,3250,3250,3250,3250,3250,3250,3250,3250,3250,...
#Model 1706.20s var:162267/184541 constraints:237279/262988 compo:6338,3250,3250,3250,3250,3250,3250,3250,3250,3250,...
#Model 1753.10s var:162266/184541 constraints:237278/262988 compo:6338,3250,3250,3250,3250,3250,3250,3250,3250,3250,...
#Model 1862.78s var:162265/184541 constraints:237277/262988 compo:6338,3250,3250,3250,3250,3250,3250,3250,3250,3250,...
#Model 1974.03s var:162264/184541 constraints:237276/262988 compo:6338,3250,3250,3250,3250,3250,3250,3250,3250,3250,...
#Model 1982.20s var:162263/184541 constraints:237275/262988 compo:6338,3250,3250,3250,3250,3250,3250,3250,3250,3250,...
#Model 2015.54s var:162260/184541 constraints:237272/262988 compo:6338,3250,3250,3250,3250,3250,3250,3250,3250,3250,...
#Model 2032.03s var:162227/184541 constraints:237239/262988 compo:6306,3250,3250,3250,3250,3250,3250,3250,3250,3250,...
#Model 2074.72s var:162226/184541 constraints:237238/262988 compo:6306,3250,3250,3250,3250,3250,3250,3250,3250,3250,...
#Model 2224.76s var:162225/184541 constraints:237237/262988 compo:6306,3250,3250,3250,3250,3250,3250,3250,3250,3250,...
#Model 2263.90s var:162217/184541 constraints:237229/262988 compo:6298,3250,3250,3250,3250,3250,3250,3250,3250,3250,...
#Model 2292.34s var:162216/184541 constraints:237228/262988 compo:6298,3250,3250,3250,3250,3250,3250,3250,3250,3250,...
#Model 2310.34s var:162215/184541 constraints:237227/262988 compo:6298,3250,3250,3250,3250,3250,3250,3250,3250,3250,...
#Model 2361.04s var:162214/184541 constraints:237226/262988 compo:6298,3250,3250,3250,3250,3250,3250,3250,3250,3250,...
#Model 2376.67s var:162213/184541 constraints:237225/262988 compo:6298,3250,3250,3250,3250,3250,3250,3250,3250,3250,...
#Model 2513.90s var:162209/184541 constraints:237221/262988 compo:6298,3250,3250,3250,3250,3250,3250,3250,3250,3250,...
#Model 2514.65s var:162203/184541 constraints:237215/262988 compo:6298,3250,3250,3250,3250,3250,3250,3250,3250,3250,...
#Model 2532.96s var:162201/184541 constraints:237213/262988 compo:6298,3250,3250,3250,3250,3250,3250,3250,3250,3250,...
#Model 2625.50s var:162198/184541 constraints:237210/262988 compo:6298,3250,3250,3250,3250,3250,3250,3250,3250,3250,...
#Model 2961.87s var:162197/184541 constraints:237209/262988 compo:6298,3250,3250,3250,3250,3250,3250,3250,3250,3250,...
#Model 2977.39s var:162196/184541 constraints:237207/262988 compo:6298,3250,3250,3250,3250,3250,3250,3250,3250,3250,...
#Model 3013.40s var:162195/184541 constraints:237206/262988 compo:6298,3250,3250,3250,3250,3250,3250,3250,3250,3250,...
#Model 3125.66s var:162193/184541 constraints:237204/262988 compo:6298,3250,3250,3250,3250,3250,3250,3250,3250,3250,...
#Model 3160.82s var:162190/184541 constraints:237201/262988 compo:6298,3250,3250,3250,3250,3250,3250,3250,3250,3250,...
#Model 3163.06s var:162189/184541 constraints:237200/262988 compo:6298,3250,3250,3250,3250,3250,3250,3250,3250,3250,...
#Model 3323.30s var:162188/184541 constraints:237199/262988 compo:6298,3250,3250,3250,3250,3250,3250,3250,3250,3250,...
#Model 3344.46s var:162187/184541 constraints:237198/262988 compo:6298,3250,3250,3250,3250,3250,3250,3250,3250,3250,...
#Model 3399.70s var:162186/184541 constraints:237197/262988 compo:6298,3250,3250,3250,3250,3250,3250,3250,3250,3250,...
#Model 3439.51s var:162181/184541 constraints:237192/262988 compo:6298,3250,3250,3250,3250,3250,3250,3250,3250,3250,...
#Model 3440.23s var:162177/184541 constraints:237188/262988 compo:6298,3250,3250,3250,3250,3250,3250,3250,3250,3250,...
#Model 3477.32s var:162173/184541 constraints:237184/262988 compo:6298,3250,3250,3250,3250,3250,3250,3250,3250,3250,...
#Model 3479.63s var:162169/184541 constraints:237180/262988 compo:6298,3250,3250,3250,3250,3250,3250,3250,3250,3250,...
#Model 3605.79s var:162168/184541 constraints:237179/262988 compo:6298,3250,3250,3250,3250,3250,3250,3250,3250,3250,...
#Model 3657.43s var:162166/184541 constraints:237177/262988 compo:6298,3250,3250,3250,3250,3250,3250,3250,3250,3250,...
#Model 3660.97s var:162165/184541 constraints:237176/262988 compo:6298,3250,3250,3250,3250,3250,3250,3250,3250,3250,...
#Model 3863.54s var:162164/184541 constraints:237175/262988 compo:6298,3250,3250,3250,3250,3250,3250,3250,3250,3250,...
#Model 3864.24s var:162160/184541 constraints:237171/262988 compo:6298,3250,3250,3250,3250,3250,3250,3250,3250,3250,...
#Model 3902.05s var:162159/184541 constraints:237170/262988 compo:6298,3250,3250,3250,3250,3250,3250,3250,3250,3250,...
#Model 3930.94s var:162158/184541 constraints:237169/262988 compo:6298,3250,3250,3250,3250,3250,3250,3250,3250,3250,...
#Model 3959.29s var:162157/184541 constraints:237168/262988 compo:6298,3250,3250,3250,3250,3250,3250,3250,3250,3250,...
#Model 3988.87s var:162156/184541 constraints:237167/262988 compo:6298,3250,3250,3250,3250,3250,3250,3250,3250,3250,...
#Model 4023.70s var:162155/184541 constraints:237166/262988 compo:6298,3250,3250,3250,3250,3250,3250,3250,3250,3250,...
#Model 4048.18s var:162103/184541 constraints:237114/262988 compo:6298,3250,3250,3250,3250,3250,3250,3250,3250,3250,...
#Model 4413.08s var:162102/184541 constraints:237113/262988 compo:6298,3250,3250,3250,3250,3250,3250,3250,3250,3250,...
#Model 4534.06s var:162099/184541 constraints:237110/262988 compo:6298,3250,3250,3250,3250,3250,3250,3250,3250,3250,...
#Model 4653.60s var:162098/184541 constraints:237109/262988 compo:6298,3250,3250,3250,3250,3250,3250,3250,3250,3250,...
#Model 4722.91s var:162096/184541 constraints:237107/262988 compo:6298,3250,3250,3250,3250,3250,3250,3250,3250,3250,...
#Model 4952.35s var:162095/184541 constraints:237106/262988 compo:6298,3250,3250,3250,3250,3250,3250,3250,3250,3250,...
#Model 4952.86s var:162089/184541 constraints:237100/262988 compo:6298,3250,3250,3250,3250,3250,3250,3250,3250,3250,...
#Model 4953.50s var:162085/184541 constraints:237096/262988 compo:6298,3250,3250,3250,3250,3250,3250,3250,3250,3250,...
#Model 4954.13s var:162084/184541 constraints:237095/262988 compo:6298,3250,3250,3250,3250,3250,3250,3250,3250,3250,...
#Model 5074.09s var:162080/184541 constraints:237091/262988 compo:6298,3250,3250,3250,3250,3250,3250,3250,3250,3250,...
#Model 5074.67s var:162079/184541 constraints:237090/262988 compo:6298,3250,3250,3250,3250,3250,3250,3250,3250,3250,...
#Model 5193.27s var:162071/184541 constraints:237082/262988 compo:6290,3250,3250,3250,3250,3250,3250,3250,3250,3250,...
#Model 5297.27s var:162068/184541 constraints:237079/262988 compo:6290,3250,3250,3250,3250,3250,3250,3250,3250,3250,...
#Model 5512.00s var:162052/184541 constraints:237063/262988 compo:6290,3250,3250,3250,3250,3250,3250,3250,3250,3250,...
#Model 5619.46s var:162049/184541 constraints:237060/262988 compo:6290,3250,3250,3250,3250,3250,3250,3250,3250,3250,...
#Model 5975.39s var:162046/184541 constraints:237057/262988 compo:6290,3250,3250,3250,3250,3250,3250,3250,3250,3250,...
#Model 6268.56s var:162043/184541 constraints:237054/262988 compo:6290,3250,3250,3250,3250,3250,3250,3250,3250,3250,...
#Model 6270.89s var:162041/184541 constraints:237052/262988 compo:6290,3250,3250,3250,3250,3250,3250,3250,3250,3250,...
#Model 6285.90s var:162040/184541 constraints:237051/262988 compo:6290,3250,3250,3250,3250,3250,3250,3250,3250,3250,...
#Model 6320.00s var:162035/184541 constraints:237046/262988 compo:6290,3250,3250,3250,3250,3250,3250,3250,3250,3250,...
#Model 6345.75s var:162034/184541 constraints:237045/262988 compo:6290,3250,3250,3250,3250,3250,3250,3250,3250,3250,...
#Model 6442.16s var:162031/184541 constraints:237042/262988 compo:6290,3250,3250,3250,3250,3250,3250,3250,3250,3250,...
#Model 6563.72s var:162027/184541 constraints:237037/262988 compo:6290,3250,3250,3250,3250,3250,3250,3250,3250,3250,...
#Model 6588.96s var:162026/184541 constraints:237036/262988 compo:6290,3250,3250,3250,3250,3250,3250,3250,3250,3250,...
#Model 6838.51s var:162025/184541 constraints:237035/262988 compo:6290,3250,3250,3250,3250,3250,3250,3250,3250,3250,...
#Model 6893.79s var:162024/184541 constraints:237034/262988 compo:6290,3250,3250,3250,3250,3250,3250,3250,3250,3250,...
#Model 7094.38s var:162023/184541 constraints:237033/262988 compo:6290,3250,3250,3250,3250,3250,3250,3250,3250,3250,...
#Model 7377.51s var:162020/184541 constraints:237030/262988 compo:6290,3250,3250,3250,3250,3250,3250,3250,3250,3250,...
#Model 7397.62s var:162017/184541 constraints:237027/262988 compo:6290,3250,3250,3250,3250,3250,3250,3250,3250,3250,...
#Model 7659.00s var:162014/184541 constraints:237024/262988 compo:6290,3250,3250,3250,3250,3250,3250,3250,3250,3250,...
#Model 7749.99s var:162011/184541 constraints:237021/262988 compo:6290,3250,3250,3250,3250,3250,3250,3250,3250,3250,...
