[STRESS][x50] Validando estructura...
[STRESS][x50] Estructura valida.
[STRESS][x50] Secciones: 50
[STRESS][x50] Grupos: 250
[STRESS][x50] Docentes: 400
[STRESS][x50] Asignaciones: 2500
[STRESS][x50] Bloques requeridos: 8750
[STRESS][x50] Construyendo modelo CP-SAT...
[STRESS][x50] Modelo construido.
[STRESS][x50] Iniciando solver...
[STRESS][x50] Modo de tiempo: unlimited
[STRESS][x50] Workers: 8
[STRESS][x50][RUNNING] elapsed=30s | required_blocks=8750 | status=solving | solutions_found=0
[STRESS][x50][RUNNING] elapsed=60s | required_blocks=8750 | status=solving | solutions_found=0
[STRESS][x50][RUNNING] elapsed=92s | required_blocks=8750 | status=solving | solutions_found=0
[STRESS][x50][RUNNING] elapsed=123s | required_blocks=8750 | status=solving | solutions_found=0
[STRESS][x50][RUNNING] elapsed=153s | required_blocks=8750 | status=solving | solutions_found=0
[STRESS][x50][RUNNING] elapsed=183s | required_blocks=8750 | status=solving | solutions_found=0
[STRESS][x50][RUNNING] elapsed=213s | required_blocks=8750 | status=solving | solutions_found=0
[STRESS][x50][RUNNING] elapsed=243s | required_blocks=8750 | status=solving | solutions_found=0
[STRESS][x50][RUNNING] elapsed=273s | required_blocks=8750 | status=solving | solutions_found=0
[STRESS][x50][RUNNING] elapsed=303s | required_blocks=8750 | status=solving | solutions_found=0
[STRESS][x50][RUNNING] elapsed=333s | required_blocks=8750 | status=solving | solutions_found=0
[STRESS][x50][RUNNING] elapsed=363s | required_blocks=8750 | status=solving | solutions_found=0
[STRESS][x50][RUNNING] elapsed=393s | required_blocks=8750 | status=solving | solutions_found=0
[STRESS][x50][RUNNING] elapsed=423s | required_blocks=8750 | status=solving | solutions_found=0
[STRESS][x50][RUNNING] elapsed=453s | required_blocks=8750 | status=solving | solutions_found=0
[STRESS][x50][RUNNING] elapsed=483s | required_blocks=8750 | status=solving | solutions_found=0
[STRESS][x50][RUNNING] elapsed=513s | required_blocks=8750 | status=solving | solutions_found=0
[STRESS][x50][RUNNING] elapsed=543s | required_blocks=8750 | status=solving | solutions_found=0
[STRESS][x50][RUNNING] elapsed=574s | required_blocks=8750 | status=solving | solutions_found=0
[STRESS][x50][RUNNING] elapsed=604s | required_blocks=8750 | status=solving | solutions_found=0
[STRESS][x50][RUNNING] elapsed=634s | required_blocks=8750 | status=solving | solutions_found=0
[STRESS][x50][RUNNING] elapsed=664s | required_blocks=8750 | status=solving | solutions_found=0
[STRESS][x50][RUNNING] elapsed=694s | required_blocks=8750 | status=solving | solutions_found=0
[STRESS][x50][RUNNING] elapsed=724s | required_blocks=8750 | status=solving | solutions_found=0
[STRESS][x50][RUNNING] elapsed=754s | required_blocks=8750 | status=solving | solutions_found=0
[STRESS][x50][RUNNING] elapsed=784s | required_blocks=8750 | status=solving | solutions_found=0
[STRESS][x50][RUNNING] elapsed=814s | required_blocks=8750 | status=solving | solutions_found=0
[STRESS][x50][RUNNING] elapsed=844s | required_blocks=8750 | status=solving | solutions_found=0
[STRESS][x50][RUNNING] elapsed=874s | required_blocks=8750 | status=solving | solutions_found=0
[STRESS][x50][RUNNING] elapsed=904s | required_blocks=8750 | status=solving | solutions_found=0
[STRESS][x50][RUNNING] elapsed=934s | required_blocks=8750 | status=solving | solutions_found=0
[STRESS][x50][RUNNING] elapsed=964s | required_blocks=8750 | status=solving | solutions_found=0
[STRESS][x50][RUNNING] elapsed=994s | required_blocks=8750 | status=solving | solutions_found=0
[STRESS][x50][RUNNING] elapsed=1024s | required_blocks=8750 | status=solving | solutions_found=0
[STRESS][x50][RUNNING] elapsed=1054s | required_blocks=8750 | status=solving | solutions_found=0
[STRESS][x50][RUNNING] elapsed=1084s | required_blocks=8750 | status=solving | solutions_found=0
[STRESS][x50][RUNNING] elapsed=1114s | required_blocks=8750 | status=solving | solutions_found=0
[STRESS][x50][RUNNING] elapsed=1145s | required_blocks=8750 | status=solving | solutions_found=0
[STRESS][x50][RUNNING] elapsed=1175s | required_blocks=8750 | status=solving | solutions_found=0
[STRESS][x50][RUNNING] elapsed=1205s | required_blocks=8750 | status=solving | solutions_found=0
[STRESS][x50][RUNNING] elapsed=1235s | required_blocks=8750 | status=solving | solutions_found=0
[STRESS][x50][RUNNING] elapsed=1265s | required_blocks=8750 | status=solving | solutions_found=0
[STRESS][x50][RUNNING] elapsed=1295s | required_blocks=8750 | status=solving | solutions_found=0
[STRESS][x50][RUNNING] elapsed=1325s | required_blocks=8750 | status=solving | solutions_found=0
[STRESS][x50][RUNNING] elapsed=1355s | required_blocks=8750 | status=solving | solutions_found=0
[STRESS][x50][RUNNING] elapsed=1385s | required_blocks=8750 | status=solving | solutions_found=0
[STRESS][x50][RUNNING] elapsed=1415s | required_blocks=8750 | status=solving | solutions_found=0
[STRESS][x50][RUNNING] elapsed=1445s | required_blocks=8750 | status=solving | solutions_found=0
[STRESS][x50][RUNNING] elapsed=1475s | required_blocks=8750 | status=solving | solutions_found=0
[STRESS][x50][RUNNING] elapsed=1505s | required_blocks=8750 | status=solving | solutions_found=0
[STRESS][x50][RUNNING] elapsed=1535s | required_blocks=8750 | status=solving | solutions_found=0
[STRESS][x50][RUNNING] elapsed=1565s | required_blocks=8750 | status=solving | solutions_found=0
[STRESS][x50][RUNNING] elapsed=1595s | required_blocks=8750 | status=solving | solutions_found=0
[STRESS][x50][RUNNING] elapsed=1625s | required_blocks=8750 | status=solving | solutions_found=0
[STRESS][x50][RUNNING] elapsed=1655s | required_blocks=8750 | status=solving | solutions_found=0
[STRESS][x50][RUNNING] elapsed=1685s | required_blocks=8750 | status=solving | solutions_found=0
[STRESS][x50][RUNNING] elapsed=1716s | required_blocks=8750 | status=solving | solutions_found=0
[STRESS][x50][RUNNING] elapsed=1746s | required_blocks=8750 | status=solving | solutions_found=0
[STRESS][x50][RUNNING] elapsed=1776s | required_blocks=8750 | status=solving | solutions_found=0
[STRESS][x50][RUNNING] elapsed=1806s | required_blocks=8750 | status=solving | solutions_found=0
[STRESS][x50][RUNNING] elapsed=1836s | required_blocks=8750 | status=solving | solutions_found=0
[STRESS][x50][RUNNING] elapsed=1866s | required_blocks=8750 | status=solving | solutions_found=0
[STRESS][x50][RUNNING] elapsed=1896s | required_blocks=8750 | status=solving | solutions_found=0
[STRESS][x50][RUNNING] elapsed=1926s | required_blocks=8750 | status=solving | solutions_found=0
[STRESS][x50][RUNNING] elapsed=1956s | required_blocks=8750 | status=solving | solutions_found=0
[STRESS][x50][RUNNING] elapsed=1986s | required_blocks=8750 | status=solving | solutions_found=0
[STRESS][x50][RUNNING] elapsed=2016s | required_blocks=8750 | status=solving | solutions_found=0
[STRESS][x50][RUNNING] elapsed=2046s | required_blocks=8750 | status=solving | solutions_found=0
[STRESS][x50][RUNNING] elapsed=2076s | required_blocks=8750 | status=solving | solutions_found=0
[STRESS][x50][RUNNING] elapsed=2106s | required_blocks=8750 | status=solving | solutions_found=0
[STRESS][x50][RUNNING] elapsed=2136s | required_blocks=8750 | status=solving | solutions_found=0
[STRESS][x50][RUNNING] elapsed=2166s | required_blocks=8750 | status=solving | solutions_found=0
[STRESS][x50][RUNNING] elapsed=2196s | required_blocks=8750 | status=solving | solutions_found=0
[STRESS][x50][RUNNING] elapsed=2226s | required_blocks=8750 | status=solving | solutions_found=0
[STRESS][x50][RUNNING] elapsed=2256s | required_blocks=8750 | status=solving | solutions_found=0
[STRESS][x50][RUNNING] elapsed=2286s | required_blocks=8750 | status=solving | solutions_found=0
[STRESS][x50][RUNNING] elapsed=2317s | required_blocks=8750 | status=solving | solutions_found=0
[STRESS][x50][RUNNING] elapsed=2347s | required_blocks=8750 | status=solving | solutions_found=0
[STRESS][x50][RUNNING] elapsed=2377s | required_blocks=8750 | status=solving | solutions_found=0
[STRESS][x50][RUNNING] elapsed=2407s | required_blocks=8750 | status=solving | solutions_found=0
[STRESS][x50][RUNNING] elapsed=2437s | required_blocks=8750 | status=solving | solutions_found=0
[STRESS][x50][RUNNING] elapsed=2467s | required_blocks=8750 | status=solving | solutions_found=0
[STRESS][x50][RUNNING] elapsed=2497s | required_blocks=8750 | status=solving | solutions_found=0
[STRESS][x50][RUNNING] elapsed=2527s | required_blocks=8750 | status=solving | solutions_found=0
[STRESS][x50][RUNNING] elapsed=2557s | required_blocks=8750 | status=solving | solutions_found=0
[STRESS][x50][RUNNING] elapsed=2587s | required_blocks=8750 | status=solving | solutions_found=0
[STRESS][x50][RUNNING] elapsed=2617s | required_blocks=8750 | status=solving | solutions_found=0
[STRESS][x50][RUNNING] elapsed=2647s | required_blocks=8750 | status=solving | solutions_found=0
[STRESS][x50][RUNNING] elapsed=2677s | required_blocks=8750 | status=solving | solutions_found=0
[STRESS][x50][RUNNING] elapsed=2707s | required_blocks=8750 | status=solving | solutions_found=0
[STRESS][x50][RUNNING] elapsed=2737s | required_blocks=8750 | status=solving | solutions_found=0
[STRESS][x50][RUNNING] elapsed=2767s | required_blocks=8750 | status=solving | solutions_found=0
[STRESS][x50][RUNNING] elapsed=2797s | required_blocks=8750 | status=solving | solutions_found=0
[STRESS][x50][RUNNING] elapsed=2827s | required_blocks=8750 | status=solving | solutions_found=0
[STRESS][x50][RUNNING] elapsed=2857s | required_blocks=8750 | status=solving | solutions_found=0
[STRESS][x50][RUNNING] elapsed=2887s | required_blocks=8750 | status=solving | solutions_found=0
[STRESS][x50][RUNNING] elapsed=2917s | required_blocks=8750 | status=solving | solutions_found=0
[STRESS][x50][RUNNING] elapsed=2947s | required_blocks=8750 | status=solving | solutions_found=0
[STRESS][x50][RUNNING] elapsed=2977s | required_blocks=8750 | status=solving | solutions_found=0
[STRESS][x50][RUNNING] elapsed=3007s | required_blocks=8750 | status=solving | solutions_found=0
[STRESS][x50][RUNNING] elapsed=3038s | required_blocks=8750 | status=solving | solutions_found=0
[STRESS][x50][RUNNING] elapsed=3068s | required_blocks=8750 | status=solving | solutions_found=0
[STRESS][x50][RUNNING] elapsed=3098s | required_blocks=8750 | status=solving | solutions_found=0
[STRESS][x50][RUNNING] elapsed=3128s | required_blocks=8750 | status=solving | solutions_found=0
[STRESS][x50][RUNNING] elapsed=3158s | required_blocks=8750 | status=solving | solutions_found=0
[STRESS][x50][RUNNING] elapsed=3188s | required_blocks=8750 | status=solving | solutions_found=0
[STRESS][x50][RUNNING] elapsed=3218s | required_blocks=8750 | status=solving | solutions_found=0
[STRESS][x50][RUNNING] elapsed=3248s | required_blocks=8750 | status=solving | solutions_found=0
[STRESS][x50][RUNNING] elapsed=3278s | required_blocks=8750 | status=solving | solutions_found=0
[STRESS][x50][RUNNING] elapsed=3308s | required_blocks=8750 | status=solving | solutions_found=0
[STRESS][x50][RUNNING] elapsed=3338s | required_blocks=8750 | status=solving | solutions_found=0
[STRESS][x50][RUNNING] elapsed=3368s | required_blocks=8750 | status=solving | solutions_found=0
[STRESS][x50][RUNNING] elapsed=3398s | required_blocks=8750 | status=solving | solutions_found=0
[STRESS][x50][RUNNING] elapsed=3428s | required_blocks=8750 | status=solving | solutions_found=0
[STRESS][x50][RUNNING] elapsed=3458s | required_blocks=8750 | status=solving | solutions_found=0
[STRESS][x50][RUNNING] elapsed=3488s | required_blocks=8750 | status=solving | solutions_found=0
[STRESS][x50][RUNNING] elapsed=3518s | required_blocks=8750 | status=solving | solutions_found=0
[STRESS][x50][RUNNING] elapsed=3548s | required_blocks=8750 | status=solving | solutions_found=0
[STRESS][x50][RUNNING] elapsed=3578s | required_blocks=8750 | status=solving | solutions_found=0
[STRESS][x50][RUNNING] elapsed=3608s | required_blocks=8750 | status=solving | solutions_found=0
[STRESS][x50][RUNNING] elapsed=3638s | required_blocks=8750 | status=solving | solutions_found=0
[STRESS][x50][RUNNING] elapsed=3668s | required_blocks=8750 | status=solving | solutions_found=0
[STRESS][x50][RUNNING] elapsed=3700s | required_blocks=8750 | status=solving | solutions_found=0
[STRESS][x50][RUNNING] elapsed=3730s | required_blocks=8750 | status=solving | solutions_found=0
[STRESS][x50][RUNNING] elapsed=3760s | required_blocks=8750 | status=solving | solutions_found=0
[STRESS][x50][RUNNING] elapsed=3790s | required_blocks=8750 | status=solving | solutions_found=0
[STRESS][x50][RUNNING] elapsed=3820s | required_blocks=8750 | status=solving | solutions_found=0
[STRESS][x50][RUNNING] elapsed=3850s | required_blocks=8750 | status=solving | solutions_found=0
[STRESS][x50][RUNNING] elapsed=3880s | required_blocks=8750 | status=solving | solutions_found=0
[STRESS][x50][RUNNING] elapsed=3910s | required_blocks=8750 | status=solving | solutions_found=0
[STRESS][x50][RUNNING] elapsed=3940s | required_blocks=8750 | status=solving | solutions_found=0
[STRESS][x50][RUNNING] elapsed=3970s | required_blocks=8750 | status=solving | solutions_found=0
[STRESS][x50][RUNNING] elapsed=4000s | required_blocks=8750 | status=solving | solutions_found=0
[STRESS][x50][RUNNING] elapsed=4030s | required_blocks=8750 | status=solving | solutions_found=0
[STRESS][x50][RUNNING] elapsed=4060s | required_blocks=8750 | status=solving | solutions_found=0
[STRESS][x50][RUNNING] elapsed=4090s | required_blocks=8750 | status=solving | solutions_found=0
[STRESS][x50][RUNNING] elapsed=4120s | required_blocks=8750 | status=solving | solutions_found=0
[STRESS][x50][RUNNING] elapsed=4151s | required_blocks=8750 | status=solving | solutions_found=0
[STRESS][x50][RUNNING] elapsed=4181s | required_blocks=8750 | status=solving | solutions_found=0
[STRESS][x50][RUNNING] elapsed=4211s | required_blocks=8750 | status=solving | solutions_found=0
[STRESS][x50][RUNNING] elapsed=4241s | required_blocks=8750 | status=solving | solutions_found=0
[STRESS][x50][RUNNING] elapsed=4271s | required_blocks=8750 | status=solving | solutions_found=0
[STRESS][x50][RUNNING] elapsed=4301s | required_blocks=8750 | status=solving | solutions_found=0
[STRESS][x50][RUNNING] elapsed=4331s | required_blocks=8750 | status=solving | solutions_found=0
[STRESS][x50][RUNNING] elapsed=4361s | required_blocks=8750 | status=solving | solutions_found=0
[STRESS][x50][RUNNING] elapsed=4391s | required_blocks=8750 | status=solving | solutions_found=0
[STRESS][x50][RUNNING] elapsed=4421s | required_blocks=8750 | status=solving | solutions_found=0
[STRESS][x50][RUNNING] elapsed=4451s | required_blocks=8750 | status=solving | solutions_found=0
[STRESS][x50][RUNNING] elapsed=4481s | required_blocks=8750 | status=solving | solutions_found=0
[STRESS][x50][RUNNING] elapsed=4511s | required_blocks=8750 | status=solving | solutions_found=0
[STRESS][x50][RUNNING] elapsed=4541s | required_blocks=8750 | status=solving | solutions_found=0
[STRESS][x50][RUNNING] elapsed=4571s | required_blocks=8750 | status=solving | solutions_found=0
[STRESS][x50][RUNNING] elapsed=4601s | required_blocks=8750 | status=solving | solutions_found=0
[STRESS][x50][RUNNING] elapsed=4631s | required_blocks=8750 | status=solving | solutions_found=0
[STRESS][x50][RUNNING] elapsed=4661s | required_blocks=8750 | status=solving | solutions_found=0
[STRESS][x50][RUNNING] elapsed=4691s | required_blocks=8750 | status=solving | solutions_found=0
[STRESS][x50][RUNNING] elapsed=4721s | required_blocks=8750 | status=solving | solutions_found=0
[STRESS][x50][RUNNING] elapsed=4752s | required_blocks=8750 | status=solving | solutions_found=0
[STRESS][x50][RUNNING] elapsed=4782s | required_blocks=8750 | status=solving | solutions_found=0
[STRESS][x50][RUNNING] elapsed=4812s | required_blocks=8750 | status=solving | solutions_found=0
[STRESS][x50][RUNNING] elapsed=4842s | required_blocks=8750 | status=solving | solutions_found=0
[STRESS][x50][RUNNING] elapsed=4872s | required_blocks=8750 | status=solving | solutions_found=0
[STRESS][x50][RUNNING] elapsed=4902s | required_blocks=8750 | status=solving | solutions_found=0
[STRESS][x50][RUNNING] elapsed=4932s | required_blocks=8750 | status=solving | solutions_found=0
[STRESS][x50][RUNNING] elapsed=4962s | required_blocks=8750 | status=solving | solutions_found=0
[STRESS][x50][RUNNING] elapsed=4992s | required_blocks=8750 | status=solving | solutions_found=0
[STRESS][x50][RUNNING] elapsed=5022s | required_blocks=8750 | status=solving | solutions_found=0
[STRESS][x50][RUNNING] elapsed=5052s | required_blocks=8750 | status=solving | solutions_found=0
[STRESS][x50][RUNNING] elapsed=5082s | required_blocks=8750 | status=solving | solutions_found=0
[STRESS][x50][RUNNING] elapsed=5112s | required_blocks=8750 | status=solving | solutions_found=0
[STRESS][x50][RUNNING] elapsed=5142s | required_blocks=8750 | status=solving | solutions_found=0
[STRESS][x50][RUNNING] elapsed=5172s | required_blocks=8750 | status=solving | solutions_found=0
[STRESS][x50][RUNNING] elapsed=5202s | required_blocks=8750 | status=solving | solutions_found=0
[STRESS][x50][RUNNING] elapsed=5232s | required_blocks=8750 | status=solving | solutions_found=0
[STRESS][x50][RUNNING] elapsed=5262s | required_blocks=8750 | status=solving | solutions_found=0
[STRESS][x50][RUNNING] elapsed=5292s | required_blocks=8750 | status=solving | solutions_found=0
[STRESS][x50][RUNNING] elapsed=5322s | required_blocks=8750 | status=solving | solutions_found=0
[STRESS][x50][RUNNING] elapsed=5352s | required_blocks=8750 | status=solving | solutions_found=0
[STRESS][x50][RUNNING] elapsed=5383s | required_blocks=8750 | status=solving | solutions_found=0
[STRESS][x50][RUNNING] elapsed=5413s | required_blocks=8750 | status=solving | solutions_found=0
[STRESS][x50][RUNNING] elapsed=5443s | required_blocks=8750 | status=solving | solutions_found=0
[STRESS][x50][RUNNING] elapsed=5473s | required_blocks=8750 | status=solving | solutions_found=0
[STRESS][x50][RUNNING] elapsed=5503s | required_blocks=8750 | status=solving | solutions_found=0
[STRESS][x50][RUNNING] elapsed=5533s | required_blocks=8750 | status=solving | solutions_found=0
[STRESS][x50][RUNNING] elapsed=5563s | required_blocks=8750 | status=solving | solutions_found=0
[STRESS][x50][RUNNING] elapsed=5593s | required_blocks=8750 | status=solving | solutions_found=0
[STRESS][x50][RUNNING] elapsed=5623s | required_blocks=8750 | status=solving | solutions_found=0
[STRESS][x50][RUNNING] elapsed=5653s | required_blocks=8750 | status=solving | solutions_found=0
[STRESS][x50][RUNNING] elapsed=5683s | required_blocks=8750 | status=solving | solutions_found=0
[STRESS][x50][RUNNING] elapsed=5713s | required_blocks=8750 | status=solving | solutions_found=0
[STRESS][x50][RUNNING] elapsed=5743s | required_blocks=8750 | status=solving | solutions_found=0
[STRESS][x50][RUNNING] elapsed=5773s | required_blocks=8750 | status=solving | solutions_found=0
[STRESS][x50][RUNNING] elapsed=5803s | required_blocks=8750 | status=solving | solutions_found=0
[STRESS][x50][RUNNING] elapsed=5833s | required_blocks=8750 | status=solving | solutions_found=0
[STRESS][x50][RUNNING] elapsed=5863s | required_blocks=8750 | status=solving | solutions_found=0
[STRESS][x50][RUNNING] elapsed=5893s | required_blocks=8750 | status=solving | solutions_found=0
[STRESS][x50][RUNNING] elapsed=5923s | required_blocks=8750 | status=solving | solutions_found=0
[STRESS][x50][RUNNING] elapsed=5953s | required_blocks=8750 | status=solving | solutions_found=0
[STRESS][x50][RUNNING] elapsed=5983s | required_blocks=8750 | status=solving | solutions_found=0
[STRESS][x50][RUNNING] elapsed=6014s | required_blocks=8750 | status=solving | solutions_found=0
[STRESS][x50][RUNNING] elapsed=6044s | required_blocks=8750 | status=solving | solutions_found=0
[STRESS][x50][RUNNING] elapsed=6074s | required_blocks=8750 | status=solving | solutions_found=0
[STRESS][x50][RUNNING] elapsed=6104s | required_blocks=8750 | status=solving | solutions_found=0
[STRESS][x50][RUNNING] elapsed=6134s | required_blocks=8750 | status=solving | solutions_found=0
[STRESS][x50][RUNNING] elapsed=6164s | required_blocks=8750 | status=solving | solutions_found=0
[STRESS][x50][RUNNING] elapsed=6194s | required_blocks=8750 | status=solving | solutions_found=0
[STRESS][x50][RUNNING] elapsed=6224s | required_blocks=8750 | status=solving | solutions_found=0
[STRESS][x50][RUNNING] elapsed=6254s | required_blocks=8750 | status=solving | solutions_found=0
[STRESS][x50][RUNNING] elapsed=6284s | required_blocks=8750 | status=solving | solutions_found=0
[STRESS][x50][RUNNING] elapsed=6314s | required_blocks=8750 | status=solving | solutions_found=0
[STRESS][x50][RUNNING] elapsed=6344s | required_blocks=8750 | status=solving | solutions_found=0
[STRESS][x50][RUNNING] elapsed=6374s | required_blocks=8750 | status=solving | solutions_found=0
[STRESS][x50][RUNNING] elapsed=6404s | required_blocks=8750 | status=solving | solutions_found=0
[STRESS][x50][RUNNING] elapsed=6434s | required_blocks=8750 | status=solving | solutions_found=0
[STRESS][x50][RUNNING] elapsed=6464s | required_blocks=8750 | status=solving | solutions_found=0
[STRESS][x50][RUNNING] elapsed=6494s | required_blocks=8750 | status=solving | solutions_found=0
[STRESS][x50][RUNNING] elapsed=6524s | required_blocks=8750 | status=solving | solutions_found=0
[STRESS][x50][RUNNING] elapsed=6554s | required_blocks=8750 | status=solving | solutions_found=0
[STRESS][x50][RUNNING] elapsed=6584s | required_blocks=8750 | status=solving | solutions_found=0
[STRESS][x50][RUNNING] elapsed=6614s | required_blocks=8750 | status=solving | solutions_found=0
[STRESS][x50][RUNNING] elapsed=6644s | required_blocks=8750 | status=solving | solutions_found=0
[STRESS][x50][RUNNING] elapsed=6674s | required_blocks=8750 | status=solving | solutions_found=0
[STRESS][x50][RUNNING] elapsed=6704s | required_blocks=8750 | status=solving | solutions_found=0
[STRESS][x50][RUNNING] elapsed=6734s | required_blocks=8750 | status=solving | solutions_found=0
[STRESS][x50][RUNNING] elapsed=6764s | required_blocks=8750 | status=solving | solutions_found=0
[STRESS][x50][RUNNING] elapsed=6794s | required_blocks=8750 | status=solving | solutions_found=0
[STRESS][x50][RUNNING] elapsed=6825s | required_blocks=8750 | status=solving | solutions_found=0
[STRESS][x50][RUNNING] elapsed=6855s | required_blocks=8750 | status=solving | solutions_found=0
[STRESS][x50][RUNNING] elapsed=6885s | required_blocks=8750 | status=solving | solutions_found=0
[STRESS][x50][RUNNING] elapsed=6915s | required_blocks=8750 | status=solving | solutions_found=0
[STRESS][x50][RUNNING] elapsed=6945s | required_blocks=8750 | status=solving | solutions_found=0
[STRESS][x50][RUNNING] elapsed=6975s | required_blocks=8750 | status=solving | solutions_found=0
[STRESS][x50][RUNNING] elapsed=7005s | required_blocks=8750 | status=solving | solutions_found=0
[STRESS][x50][RUNNING] elapsed=7035s | required_blocks=8750 | status=solving | solutions_found=0
[STRESS][x50][RUNNING] elapsed=7065s | required_blocks=8750 | status=solving | solutions_found=0
[STRESS][x50][RUNNING] elapsed=7095s | required_blocks=8750 | status=solving | solutions_found=0
[STRESS][x50][RUNNING] elapsed=7125s | required_blocks=8750 | status=solving | solutions_found=0
[STRESS][x50][RUNNING] elapsed=7155s | required_blocks=8750 | status=solving | solutions_found=0
[STRESS][x50][RUNNING] elapsed=7185s | required_blocks=8750 | status=solving | solutions_found=0
[STRESS][x50][RUNNING] elapsed=7215s | required_blocks=8750 | status=solving | solutions_found=0
[STRESS][x50][RUNNING] elapsed=7245s | required_blocks=8750 | status=solving | solutions_found=0
[STRESS][x50][RUNNING] elapsed=7275s | required_blocks=8750 | status=solving | solutions_found=0
[STRESS][x50][RUNNING] elapsed=7305s | required_blocks=8750 | status=solving | solutions_found=0
[STRESS][x50][RUNNING] elapsed=7335s | required_blocks=8750 | status=solving | solutions_found=0
[STRESS][x50][RUNNING] elapsed=7365s | required_blocks=8750 | status=solving | solutions_found=0
[STRESS][x50][RUNNING] elapsed=7395s | required_blocks=8750 | status=solving | solutions_found=0
[STRESS][x50][RUNNING] elapsed=7425s | required_blocks=8750 | status=solving | solutions_found=0
[STRESS][x50][RUNNING] elapsed=7456s | required_blocks=8750 | status=solving | solutions_found=0
[STRESS][x50][RUNNING] elapsed=7486s | required_blocks=8750 | status=solving | solutions_found=0
[STRESS][x50][RUNNING] elapsed=7516s | required_blocks=8750 | status=solving | solutions_found=0
[STRESS][x50][RUNNING] elapsed=7546s | required_blocks=8750 | status=solving | solutions_found=0
[STRESS][x50][RUNNING] elapsed=7576s | required_blocks=8750 | status=solving | solutions_found=0
[STRESS][x50][RUNNING] elapsed=7606s | required_blocks=8750 | status=solving | solutions_found=0
[STRESS][x50][RUNNING] elapsed=7636s | required_blocks=8750 | status=solving | solutions_found=0
[STRESS][x50][RUNNING] elapsed=7666s | required_blocks=8750 | status=solving | solutions_found=0
[STRESS][x50][RUNNING] elapsed=7696s | required_blocks=8750 | status=solving | solutions_found=0
[STRESS][x50][RUNNING] elapsed=7726s | required_blocks=8750 | status=solving | solutions_found=0
[STRESS][x50][RUNNING] elapsed=7756s | required_blocks=8750 | status=solving | solutions_found=0
[STRESS][x50][RUNNING] elapsed=7786s | required_blocks=8750 | status=solving | solutions_found=0
[STRESS][x50][RUNNING] elapsed=7816s | required_blocks=8750 | status=solving | solutions_found=0
[STRESS][x50][RUNNING] elapsed=7846s | required_blocks=8750 | status=solving | solutions_found=0
[STRESS][x50][RUNNING] elapsed=7876s | required_blocks=8750 | status=solving | solutions_found=0
[STRESS][x50][RUNNING] elapsed=7906s | required_blocks=8750 | status=solving | solutions_found=0
[STRESS][x50][RUNNING] elapsed=7936s | required_blocks=8750 | status=solving | solutions_found=0
[STRESS][x50][RUNNING] elapsed=7966s | required_blocks=8750 | status=solving | solutions_found=0
