[CP-SAT] Iniciando modelado matemático...
[CP-SAT] Total de requerimientos: 1000 asignaturas.
[CP-SAT] Total de horas a programar: 3500
========== DEBUG ASIGNACIONES ==========
0 {'curso': 101, 'grupo': 1, 'grado': 1, 'seccion': 1, 'docente': 1, 'horas': 5}
1 {'curso': 101, 'grupo': 2, 'grado': 2, 'seccion': 2, 'docente': 1, 'horas': 5}
2 {'curso': 101, 'grupo': 3, 'grado': 3, 'seccion': 3, 'docente': 1, 'horas': 5}
3 {'curso': 101, 'grupo': 4, 'grado': 4, 'seccion': 4, 'docente': 1, 'horas': 5}
4 {'curso': 101, 'grupo': 5, 'grado': 5, 'seccion': 5, 'docente': 1, 'horas': 5}
5 {'curso': 101, 'grupo': 6, 'grado': 1, 'seccion': 6, 'docente': 9, 'horas': 5}
6 {'curso': 101, 'grupo': 7, 'grado': 2, 'seccion': 7, 'docente': 9, 'horas': 5}
7 {'curso': 101, 'grupo': 8, 'grado': 3, 'seccion': 8, 'docente': 9, 'horas': 5}
8 {'curso': 101, 'grupo': 9, 'grado': 4, 'seccion': 9, 'docente': 9, 'horas': 5}
9 {'curso': 101, 'grupo': 10, 'grado': 5, 'seccion': 10, 'docente': 9, 'horas': 5}
Total asignaciones: 1000
=======================================
[CP-SAT][DEBUG] disponibilidad docentes sample: []
========== DEBUG DISPONIBILIDAD ==========
Total docentes con reglas: 0
Total bloqueos generados: 0
==========================================
========== DEBUG BLOQUES DISPONIBLES ==========
Docente 1: libres 35/35
Docente 2: libres 35/35
Docente 3: libres 35/35
Docente 4: libres 35/35
Docente 5: libres 35/35
Docente 6: libres 35/35
Docente 7: libres 35/35
Docente 8: libres 35/35
Docente 9: libres 35/35
Docente 10: libres 35/35
Docente 11: libres 35/35
Docente 12: libres 35/35
Docente 13: libres 35/35
Docente 14: libres 35/35
Docente 15: libres 35/35
Docente 16: libres 35/35
Docente 17: libres 35/35
Docente 18: libres 35/35
Docente 19: libres 35/35
Docente 20: libres 35/35
Docente 21: libres 35/35
Docente 22: libres 35/35
Docente 23: libres 35/35
Docente 24: libres 35/35
Docente 25: libres 35/35
Docente 26: libres 35/35
Docente 27: libres 35/35
Docente 28: libres 35/35
Docente 29: libres 35/35
Docente 30: libres 35/35
Docente 31: libres 35/35
Docente 32: libres 35/35
Docente 33: libres 35/35
Docente 34: libres 35/35
Docente 35: libres 35/35
Docente 36: libres 35/35
Docente 37: libres 35/35
Docente 38: libres 35/35
Docente 39: libres 35/35
Docente 40: libres 35/35
Docente 41: libres 35/35
Docente 42: libres 35/35
Docente 43: libres 35/35
Docente 44: libres 35/35
Docente 45: libres 35/35
Docente 46: libres 35/35
Docente 47: libres 35/35
Docente 48: libres 35/35
Docente 49: libres 35/35
Docente 50: libres 35/35
Docente 51: libres 35/35
Docente 52: libres 35/35
Docente 53: libres 35/35
Docente 54: libres 35/35
Docente 55: libres 35/35
Docente 56: libres 35/35
Docente 57: libres 35/35
Docente 58: libres 35/35
Docente 59: libres 35/35
Docente 60: libres 35/35
Docente 61: libres 35/35
Docente 62: libres 35/35
Docente 63: libres 35/35
Docente 64: libres 35/35
Docente 65: libres 35/35
Docente 66: libres 35/35
Docente 67: libres 35/35
Docente 68: libres 35/35
Docente 69: libres 35/35
Docente 70: libres 35/35
Docente 71: libres 35/35
Docente 72: libres 35/35
Docente 73: libres 35/35
Docente 74: libres 35/35
Docente 75: libres 35/35
Docente 76: libres 35/35
Docente 77: libres 35/35
Docente 78: libres 35/35
Docente 79: libres 35/35
Docente 80: libres 35/35
Docente 81: libres 35/35
Docente 82: libres 35/35
Docente 83: libres 35/35
Docente 84: libres 35/35
Docente 85: libres 35/35
Docente 86: libres 35/35
Docente 87: libres 35/35
Docente 88: libres 35/35
Docente 89: libres 35/35
Docente 90: libres 35/35
Docente 91: libres 35/35
Docente 92: libres 35/35
Docente 93: libres 35/35
Docente 94: libres 35/35
Docente 95: libres 35/35
Docente 96: libres 35/35
Docente 97: libres 35/35
Docente 98: libres 35/35
Docente 99: libres 35/35
Docente 100: libres 35/35
Docente 101: libres 35/35
Docente 102: libres 35/35
Docente 103: libres 35/35
Docente 104: libres 35/35
Docente 105: libres 35/35
Docente 106: libres 35/35
Docente 107: libres 35/35
Docente 108: libres 35/35
Docente 109: libres 35/35
Docente 110: libres 35/35
Docente 111: libres 35/35
Docente 112: libres 35/35
Docente 113: libres 35/35
Docente 114: libres 35/35
Docente 115: libres 35/35
Docente 116: libres 35/35
Docente 117: libres 35/35
Docente 118: libres 35/35
Docente 119: libres 35/35
Docente 120: libres 35/35
Docente 121: libres 35/35
Docente 122: libres 35/35
Docente 123: libres 35/35
Docente 124: libres 35/35
Docente 125: libres 35/35
Docente 126: libres 35/35
Docente 127: libres 35/35
Docente 128: libres 35/35
Docente 129: libres 35/35
Docente 130: libres 35/35
Docente 131: libres 35/35
Docente 132: libres 35/35
Docente 133: libres 35/35
Docente 134: libres 35/35
Docente 135: libres 35/35
Docente 136: libres 35/35
Docente 137: libres 35/35
Docente 138: libres 35/35
Docente 139: libres 35/35
Docente 140: libres 35/35
Docente 141: libres 35/35
Docente 142: libres 35/35
Docente 143: libres 35/35
Docente 144: libres 35/35
Docente 145: libres 35/35
Docente 146: libres 35/35
Docente 147: libres 35/35
Docente 148: libres 35/35
Docente 149: libres 35/35
Docente 150: libres 35/35
Docente 151: libres 35/35
Docente 152: libres 35/35
Docente 153: libres 35/35
Docente 154: libres 35/35
Docente 155: libres 35/35
Docente 156: libres 35/35
Docente 157: libres 35/35
Docente 158: libres 35/35
Docente 159: libres 35/35
Docente 160: libres 35/35
==============================================
========== DEBUG HORAS VS DISP ==========
========================================
[CP-SAT] Variables creadas: 35000
[CP-SAT] Iniciando solver...
[CP-SAT] Solución encontrada: OPTIMAL
[INFO] Total asignado: 3500 bloques

================ METRICAS PARA TESIS ================
Bloques requeridos: 3500
Bloques asignados: 3500
Conflictos docentes: 0
Conflictos por grupo: 0
Violaciones de disponibilidad: 0
Violaciones de carga: 0
Tiempo de ejecucion: 761.306 segundos
Estado del solver: OPTIMAL
NumConflicts: 4654100
NumBranches: 23361732
=====================================================

