[CP-SAT] Iniciando modelado matemático...
[CP-SAT] Total de requerimientos: 1500 asignaturas.
[CP-SAT] Total de horas a programar: 5250
========== DEBUG ASIGNACIONES ==========
0 {'curso': 101, 'grupo': 1, 'grado': 1, 'seccion': 1, 'docente': 1, 'horas': 5}
1 {'curso': 101, 'grupo': 2, 'grado': 2, 'seccion': 2, 'docente': 1, 'horas': 5}
2 {'curso': 101, 'grupo': 3, 'grado': 3, 'seccion': 3, 'docente': 1, 'horas': 5}
3 {'curso': 101, 'grupo': 4, 'grado': 4, 'seccion': 4, 'docente': 1, 'horas': 5}
4 {'curso': 101, 'grupo': 5, 'grado': 5, 'seccion': 5, 'docente': 1, 'horas': 5}
5 {'curso': 101, 'grupo': 6, 'grado': 1, 'seccion': 6, 'docente': 9, 'horas': 5}
6 {'curso': 101, 'grupo': 7, 'grado': 2, 'seccion': 7, 'docente': 9, 'horas': 5}
7 {'curso': 101, 'grupo': 8, 'grado': 3, 'seccion': 8, 'docente': 9, 'horas': 5}
8 {'curso': 101, 'grupo': 9, 'grado': 4, 'seccion': 9, 'docente': 9, 'horas': 5}
9 {'curso': 101, 'grupo': 10, 'grado': 5, 'seccion': 10, 'docente': 9, 'horas': 5}
Total asignaciones: 1500
=======================================
[CP-SAT][DEBUG] disponibilidad docentes sample: []
========== DEBUG DISPONIBILIDAD ==========
Total docentes con reglas: 0
Total bloqueos generados: 0
==========================================
========== DEBUG BLOQUES DISPONIBLES ==========
Docente 1: libres 35/35
Docente 2: libres 35/35
Docente 3: libres 35/35
Docente 4: libres 35/35
Docente 5: libres 35/35
Docente 6: libres 35/35
Docente 7: libres 35/35
Docente 8: libres 35/35
Docente 9: libres 35/35
Docente 10: libres 35/35
Docente 11: libres 35/35
Docente 12: libres 35/35
Docente 13: libres 35/35
Docente 14: libres 35/35
Docente 15: libres 35/35
Docente 16: libres 35/35
Docente 17: libres 35/35
Docente 18: libres 35/35
Docente 19: libres 35/35
Docente 20: libres 35/35
Docente 21: libres 35/35
Docente 22: libres 35/35
Docente 23: libres 35/35
Docente 24: libres 35/35
Docente 25: libres 35/35
Docente 26: libres 35/35
Docente 27: libres 35/35
Docente 28: libres 35/35
Docente 29: libres 35/35
Docente 30: libres 35/35
Docente 31: libres 35/35
Docente 32: libres 35/35
Docente 33: libres 35/35
Docente 34: libres 35/35
Docente 35: libres 35/35
Docente 36: libres 35/35
Docente 37: libres 35/35
Docente 38: libres 35/35
Docente 39: libres 35/35
Docente 40: libres 35/35
Docente 41: libres 35/35
Docente 42: libres 35/35
Docente 43: libres 35/35
Docente 44: libres 35/35
Docente 45: libres 35/35
Docente 46: libres 35/35
Docente 47: libres 35/35
Docente 48: libres 35/35
Docente 49: libres 35/35
Docente 50: libres 35/35
Docente 51: libres 35/35
Docente 52: libres 35/35
Docente 53: libres 35/35
Docente 54: libres 35/35
Docente 55: libres 35/35
Docente 56: libres 35/35
Docente 57: libres 35/35
Docente 58: libres 35/35
Docente 59: libres 35/35
Docente 60: libres 35/35
Docente 61: libres 35/35
Docente 62: libres 35/35
Docente 63: libres 35/35
Docente 64: libres 35/35
Docente 65: libres 35/35
Docente 66: libres 35/35
Docente 67: libres 35/35
Docente 68: libres 35/35
Docente 69: libres 35/35
Docente 70: libres 35/35
Docente 71: libres 35/35
Docente 72: libres 35/35
Docente 73: libres 35/35
Docente 74: libres 35/35
Docente 75: libres 35/35
Docente 76: libres 35/35
Docente 77: libres 35/35
Docente 78: libres 35/35
Docente 79: libres 35/35
Docente 80: libres 35/35
Docente 81: libres 35/35
Docente 82: libres 35/35
Docente 83: libres 35/35
Docente 84: libres 35/35
Docente 85: libres 35/35
Docente 86: libres 35/35
Docente 87: libres 35/35
Docente 88: libres 35/35
Docente 89: libres 35/35
Docente 90: libres 35/35
Docente 91: libres 35/35
Docente 92: libres 35/35
Docente 93: libres 35/35
Docente 94: libres 35/35
Docente 95: libres 35/35
Docente 96: libres 35/35
Docente 97: libres 35/35
Docente 98: libres 35/35
Docente 99: libres 35/35
Docente 100: libres 35/35
Docente 101: libres 35/35
Docente 102: libres 35/35
Docente 103: libres 35/35
Docente 104: libres 35/35
Docente 105: libres 35/35
Docente 106: libres 35/35
Docente 107: libres 35/35
Docente 108: libres 35/35
Docente 109: libres 35/35
Docente 110: libres 35/35
Docente 111: libres 35/35
Docente 112: libres 35/35
Docente 113: libres 35/35
Docente 114: libres 35/35
Docente 115: libres 35/35
Docente 116: libres 35/35
Docente 117: libres 35/35
Docente 118: libres 35/35
Docente 119: libres 35/35
Docente 120: libres 35/35
Docente 121: libres 35/35
Docente 122: libres 35/35
Docente 123: libres 35/35
Docente 124: libres 35/35
Docente 125: libres 35/35
Docente 126: libres 35/35
Docente 127: libres 35/35
Docente 128: libres 35/35
Docente 129: libres 35/35
Docente 130: libres 35/35
Docente 131: libres 35/35
Docente 132: libres 35/35
Docente 133: libres 35/35
Docente 134: libres 35/35
Docente 135: libres 35/35
Docente 136: libres 35/35
Docente 137: libres 35/35
Docente 138: libres 35/35
Docente 139: libres 35/35
Docente 140: libres 35/35
Docente 141: libres 35/35
Docente 142: libres 35/35
Docente 143: libres 35/35
Docente 144: libres 35/35
Docente 145: libres 35/35
Docente 146: libres 35/35
Docente 147: libres 35/35
Docente 148: libres 35/35
Docente 149: libres 35/35
Docente 150: libres 35/35
Docente 151: libres 35/35
Docente 152: libres 35/35
Docente 153: libres 35/35
Docente 154: libres 35/35
Docente 155: libres 35/35
Docente 156: libres 35/35
Docente 157: libres 35/35
Docente 158: libres 35/35
Docente 159: libres 35/35
Docente 160: libres 35/35
Docente 161: libres 35/35
Docente 162: libres 35/35
Docente 163: libres 35/35
Docente 164: libres 35/35
Docente 165: libres 35/35
Docente 166: libres 35/35
Docente 167: libres 35/35
Docente 168: libres 35/35
Docente 169: libres 35/35
Docente 170: libres 35/35
Docente 171: libres 35/35
Docente 172: libres 35/35
Docente 173: libres 35/35
Docente 174: libres 35/35
Docente 175: libres 35/35
Docente 176: libres 35/35
Docente 177: libres 35/35
Docente 178: libres 35/35
Docente 179: libres 35/35
Docente 180: libres 35/35
Docente 181: libres 35/35
Docente 182: libres 35/35
Docente 183: libres 35/35
Docente 184: libres 35/35
Docente 185: libres 35/35
Docente 186: libres 35/35
Docente 187: libres 35/35
Docente 188: libres 35/35
Docente 189: libres 35/35
Docente 190: libres 35/35
Docente 191: libres 35/35
Docente 192: libres 35/35
Docente 193: libres 35/35
Docente 194: libres 35/35
Docente 195: libres 35/35
Docente 196: libres 35/35
Docente 197: libres 35/35
Docente 198: libres 35/35
Docente 199: libres 35/35
Docente 200: libres 35/35
Docente 201: libres 35/35
Docente 202: libres 35/35
Docente 203: libres 35/35
Docente 204: libres 35/35
Docente 205: libres 35/35
Docente 206: libres 35/35
Docente 207: libres 35/35
Docente 208: libres 35/35
Docente 209: libres 35/35
Docente 210: libres 35/35
Docente 211: libres 35/35
Docente 212: libres 35/35
Docente 213: libres 35/35
Docente 214: libres 35/35
Docente 215: libres 35/35
Docente 216: libres 35/35
Docente 217: libres 35/35
Docente 218: libres 35/35
Docente 219: libres 35/35
Docente 220: libres 35/35
Docente 221: libres 35/35
Docente 222: libres 35/35
Docente 223: libres 35/35
Docente 224: libres 35/35
Docente 225: libres 35/35
Docente 226: libres 35/35
Docente 227: libres 35/35
Docente 228: libres 35/35
Docente 229: libres 35/35
Docente 230: libres 35/35
Docente 231: libres 35/35
Docente 232: libres 35/35
Docente 233: libres 35/35
Docente 234: libres 35/35
Docente 235: libres 35/35
Docente 236: libres 35/35
Docente 237: libres 35/35
Docente 238: libres 35/35
Docente 239: libres 35/35
Docente 240: libres 35/35
==============================================
========== DEBUG HORAS VS DISP ==========
========================================
[CP-SAT] Variables creadas: 52500
[CP-SAT] Iniciando solver...
[CP-SAT] Solución encontrada: OPTIMAL
[INFO] Total asignado: 5250 bloques

================ METRICAS PARA TESIS ================
Bloques requeridos: 5250
Bloques asignados: 5250
Conflictos docentes: 0
Conflictos por grupo: 0
Violaciones de disponibilidad: 0
Violaciones de carga: 0
Tiempo de ejecucion: 6186.814 segundos
Estado del solver: OPTIMAL
NumConflicts: 27208119
NumBranches: 168722677
=====================================================

